Microchip MPLAB XC8 Compiler V2.40

Linker command line:

-W-3 \
  --edf=C:\Program Files\Microchip\xc8\v2.40\pic\dat\20220703182018_en.msgs \
  -cn -h+dist/default/production\ControladorTemperatura.X.production.sym \
  --cmf=dist/default/production\ControladorTemperatura.X.production.cmf -z \
  -Q18F45K50 -oC:\Users\ADMIN\AppData\Local\Temp\xcAsjek.4 \
  --defsym=__MPLAB_BUILD=1 --fixupoverflow=error \
  -Mdist/default/production/ControladorTemperatura.X.production.map \
  --md=C:\Users\ADMIN\AppData\Local\Temp\xcAsjek.dat -E1 -ver=XC8 Compiler \
  --acfsm=1493 -ACODE=00h-07FFFh -ACONST=00h-07FFFh \
  -ASMALLCONST=0800h-08FFhx120 -AMEDIUMCONST=0800h-07FFFh -ACOMRAM=01h-05Fh \
  -AABS1=00h-07FFh -ABIGRAM=01h-07FFh -ARAM=060h-0FFh,0100h-01FFhx7 \
  -ABANK0=060h-0FFh -ABANK1=0100h-01FFh -ABANK2=0200h-02FFh \
  -ABANK3=0300h-03FFh -ABANK4=0400h-04FFh -ABANK5=0500h-05FFh \
  -ABANK6=0600h-06FFh -ABANK7=0700h-07FFh -ASFR=0F53h-0F5Fh,0F60h-0FFFh \
  -ABIGSFR=0F53h-0FFFh -ACONFIG=0300000h-030000Dh -AIDLOC=0200000h-0200007h \
  -AEEDATA=0F00000h-0F000FFh -peeprom_data=EEDATA \
  -preset_vec=00h,intcode=08h,intcodelo,powerup,init -pramtop=0800h \
  -psmallconst=SMALLCONST -pmediumconst=MEDIUMCONST -pconst=CONST \
  -AFARRAM=00h-00h \
  -prdata=COMRAM,nvrram=COMRAM,nvbit=COMRAM,rbss=COMRAM,rbit=COMRAM \
  -pfarbss=FARRAM,fardata=FARRAM,nvFARRAM=FARRAM \
  -pintsave_regs=BIGRAM,bigbss=BIGRAM,bigdata=BIGRAM -pbss=RAM \
  -pidata=CODE,irdata=CODE,ibigdata=CODE,ifardata=CODE -prparam=COMRAM \
  C:\Users\ADMIN\AppData\Local\Temp\xcAsjek.o \
  dist/default/production\ControladorTemperatura.X.production.o 

Object code version is 3.11

Machine type is 18F45K50



                Name                               Link     Load   Length Selector   Space Scale
C:\Users\ADMIN\AppData\Local\Temp\xcAsjek.o
                idloc                            200000   200000        8        0       5
                config                           300000   300000        E        0       4
                init                                 3C       3C        4        4       0
                reset_vec                             0        0        4        0       0
dist/default/production\ControladorTemperatura.X.production.o
                intcode                               8        8       34        4       0
                idloc                            200000   200000        8        0       5
                config                           300000   300000        E        0       4
                temp                                 5F       5F        1        1       1
                mediumconst                        7ED6     7ED6      12A     3F6B       0
                text89                             4A1C     4A1C      104        4       0
                text88                             5E22     5E22       58        4       0
                text87                             63AA     63AA       12        4       0
                text86                             6398     6398       12        4       0
                text85                             6386     6386       12        4       0
                text84                             6374     6374       12        4       0
                text83                             6362     6362       12        4       0
                text82                             6350     6350       12        4       0
                text81                             633E     633E       12        4       0
                text80                             2CB6     2CB6      4C0        4       0
                text79                             35A0     35A0      39C        4       0
                text78                             50EC     50EC       AA        4       0
                text77                             3176     3176      42A        4       0
                text76                             393C     393C      242        4       0
                text75                             5DCA     5DCA       58        4       0
                text74                             604C     604C       46        4       0
                text73                             4180     4180      1EC        4       0
                text72                             5A58     5A58       88        4       0
                text71                             59D0     59D0       88        4       0
                text70                             5948     5948       88        4       0
                text69                             58C0     58C0       88        4       0
                text68                             5838     5838       88        4       0
                text67                             57B0     57B0       88        4       0
                text66                             5728     5728       88        4       0
                text65                             56A0     56A0       88        4       0
                text64                             5618     5618       88        4       0
                text63                             5590     5590       88        4       0
                text62                             5508     5508       88        4       0
                text61                             5480     5480       88        4       0
                text60                             53F8     53F8       88        4       0
                text59                             5370     5370       88        4       0
                text58                               40       40     15CE        4       0
                text57                             5FBE     5FBE       48        4       0
                text56                             6300     6300       16        4       0
                text55                             61C4     61C4       30        4       0
                text54                             62CE     62CE       1C        4       0
                text53                             632A     632A       14        4       0
                text52                             523C     523C       A4        4       0
                text51                             5CAA     5CAA       66        4       0
                text50                             6406     6406        8        4       0
                text49                             63E8     63E8        E        4       0
                text48                             5D6E     5D6E       5C        4       0
                text47                             62AE     62AE       20        4       0
                text46                             5B5E     5B5E       7C        4       0
                text45                             63DA     63DA        E        4       0
                text44                             628E     628E       20        4       0
                text43                             63FE     63FE        8        4       0
                text42                             626A     626A       24        4       0
                text41                             63BC     63BC       10        4       0
                text40                             6116     6116       3E        4       0
                text39                             5D10     5D10       5E        4       0
                text38                             4F7A     4F7A       C4        4       0
                text37                             3F90     3F90      1F0        4       0
                text36                             4D0E     4D0E       D2        4       0
                text35                             618C     618C       38        4       0
                text34                             5AE0     5AE0       7E        4       0
                text33                             6220     6220       26        4       0
                text32                             61F4     61F4       2C        4       0
                text31                             6006     6006       46        4       0
                text30                             46B2     46B2      14A        4       0
                text29                             6154     6154       38        4       0
                text28                             4916     4916      106        4       0
                text27                             4B20     4B20       FE        4       0
                text26                             3B7E     3B7E      216        4       0
                text25                             5C44     5C44       66        4       0
                text24                             5F6E     5F6E       50        4       0
                text23                             62EA     62EA       16        4       0
                text22                             4EB0     4EB0       CA        4       0
                text21                             6092     6092       44        4       0
                text20                             503E     503E       AE        4       0
                text19                             60D6     60D6       40        4       0
                text18                             160E     160E      A6A        4       0
                text17                             4C1E     4C1E       F0        4       0
                text16                             4DE0     4DE0       D0        4       0
                text15                             3D94     3D94      1FC        4       0
                text14                             276A     276A      54C        4       0
                text13                             5ECC     5ECC       52        4       0
                text12                             5E7A     5E7A       52        4       0
                text11                             5196     5196       A6        4       0
                text10                             63CC     63CC        E        4       0
                text9                              6416     6416        4        4       0
                text8                              6412     6412        4        4       0
                text7                              640E     640E        4        4       0
                text6                              6316     6316       14        4       0
                text5                              5F1E     5F1E       50        4       0
                text4                              436C     436C      1B4        4       0
                text3                              47FC     47FC      11A        4       0
                text2                              5BDA     5BDA       6A        4       0
                text1                              4520     4520      192        4       0
                text0                              2078     2078      6F2        4       0
                cstackCOMRAM                          1        1       5E        1       1
                cstackBANK0                          60       60       94       60       1
                cstackBANK1                         100      100       CC      100       1
                bssBANK3                            300      300       28      300       1
                dataBANK2                           2DC      2DC       24      200       1
                bssBANK2                            200      200       DC      200       1
                dataBANK1                           1F8      1F8        8      100       1
                bssBANK1                            1CC      1CC       2C      100       1
                dataBANK0                            FF       FF        1       60       1
                bssBANK0                             F4       F4        B       60       1
                cinit                              52E0     52E0       90        4       0
                idataBANK2                         6246     6246       24        4       0
                idataBANK1                         63F6     63F6        8        4       0
                idataBANK0                         641A     641A        1        4       0

TOTAL           Name                               Link     Load   Length     Space
        CLASS   CODE           
                intcode                               8        8       34         0
                init                                 3C       3C        4         0
                reset_vec                             0        0        4         0
                text89                             4A1C     4A1C      104         0
                text88                             5E22     5E22       58         0
                text87                             63AA     63AA       12         0
                text86                             6398     6398       12         0
                text85                             6386     6386       12         0
                text84                             6374     6374       12         0
                text83                             6362     6362       12         0
                text82                             6350     6350       12         0
                text81                             633E     633E       12         0
                text80                             2CB6     2CB6      4C0         0
                text79                             35A0     35A0      39C         0
                text78                             50EC     50EC       AA         0
                text77                             3176     3176      42A         0
                text76                             393C     393C      242         0
                text75                             5DCA     5DCA       58         0
                text74                             604C     604C       46         0
                text73                             4180     4180      1EC         0
                text72                             5A58     5A58       88         0
                text71                             59D0     59D0       88         0
                text70                             5948     5948       88         0
                text69                             58C0     58C0       88         0
                text68                             5838     5838       88         0
                text67                             57B0     57B0       88         0
                text66                             5728     5728       88         0
                text65                             56A0     56A0       88         0
                text64                             5618     5618       88         0
                text63                             5590     5590       88         0
                text62                             5508     5508       88         0
                text61                             5480     5480       88         0
                text60                             53F8     53F8       88         0
                text59                             5370     5370       88         0
                text58                               40       40     15CE         0
                text57                             5FBE     5FBE       48         0
                text56                             6300     6300       16         0
                text55                             61C4     61C4       30         0
                text54                             62CE     62CE       1C         0
                text53                             632A     632A       14         0
                text52                             523C     523C       A4         0
                text51                             5CAA     5CAA       66         0
                text50                             6406     6406        8         0
                text49                             63E8     63E8        E         0
                text48                             5D6E     5D6E       5C         0
                text47                             62AE     62AE       20         0
                text46                             5B5E     5B5E       7C         0
                text45                             63DA     63DA        E         0
                text44                             628E     628E       20         0
                text43                             63FE     63FE        8         0
                text42                             626A     626A       24         0
                text41                             63BC     63BC       10         0
                text40                             6116     6116       3E         0
                text39                             5D10     5D10       5E         0
                text38                             4F7A     4F7A       C4         0
                text37                             3F90     3F90      1F0         0
                text36                             4D0E     4D0E       D2         0
                text35                             618C     618C       38         0
                text34                             5AE0     5AE0       7E         0
                text33                             6220     6220       26         0
                text32                             61F4     61F4       2C         0
                text31                             6006     6006       46         0
                text30                             46B2     46B2      14A         0
                text29                             6154     6154       38         0
                text28                             4916     4916      106         0
                text27                             4B20     4B20       FE         0
                text26                             3B7E     3B7E      216         0
                text25                             5C44     5C44       66         0
                text24                             5F6E     5F6E       50         0
                text23                             62EA     62EA       16         0
                text22                             4EB0     4EB0       CA         0
                text21                             6092     6092       44         0
                text20                             503E     503E       AE         0
                text19                             60D6     60D6       40         0
                text18                             160E     160E      A6A         0
                text17                             4C1E     4C1E       F0         0
                text16                             4DE0     4DE0       D0         0
                text15                             3D94     3D94      1FC         0
                text14                             276A     276A      54C         0
                text13                             5ECC     5ECC       52         0
                text12                             5E7A     5E7A       52         0
                text11                             5196     5196       A6         0
                text10                             63CC     63CC        E         0
                text9                              6416     6416        4         0
                text8                              6412     6412        4         0
                text7                              640E     640E        4         0
                text6                              6316     6316       14         0
                text5                              5F1E     5F1E       50         0
                text4                              436C     436C      1B4         0
                text3                              47FC     47FC      11A         0
                text2                              5BDA     5BDA       6A         0
                text1                              4520     4520      192         0
                text0                              2078     2078      6F2         0
                cinit                              52E0     52E0       90         0
                idataBANK2                         6246     6246       24         0
                idataBANK1                         63F6     63F6        8         0
                idataBANK0                         641A     641A        1         0

        CLASS   CONST          

        CLASS   SMALLCONST     

        CLASS   MEDIUMCONST    
                mediumconst                        7ED6     7ED6      12A         0

        CLASS   COMRAM         
                temp                                 5F       5F        1         1
                cstackCOMRAM                          1        1       5E         1

        CLASS   ABS1           

        CLASS   BIGRAM         

        CLASS   RAM            

        CLASS   BANK0          
                cstackBANK0                          60       60       94         1
                dataBANK0                            FF       FF        1         1
                bssBANK0                             F4       F4        B         1

        CLASS   BANK1          
                cstackBANK1                         100      100       CC         1
                dataBANK1                           1F8      1F8        8         1
                bssBANK1                            1CC      1CC       2C         1

        CLASS   BANK2          
                dataBANK2                           2DC      2DC       24         1
                bssBANK2                            200      200       DC         1

        CLASS   BANK3          
                bssBANK3                            300      300       28         1

        CLASS   BANK4          

        CLASS   BANK5          

        CLASS   BANK6          

        CLASS   BANK7          

        CLASS   SFR            

        CLASS   BIGSFR         

        CLASS   CONFIG         
                config                           300000   300000        E         4

        CLASS   IDLOC          
                idloc                            200000   200000        8         5

        CLASS   EEDATA         

        CLASS   FARRAM         

        CLASS   HEAP           

        CLASS   STACK          



SEGMENTS        Name                           Load    Length   Top    Selector   Space  Class

                reset_vec                      000000  000004  000004         0       0  CODE    
                cstackCOMRAM                   000001  00005F  000060         1       1  COMRAM  
                intcode                        000008  006413  00641B         4       0  CODE    
                cstackBANK0                    000060  0000A0  000100        60       1  BANK0   
                cstackBANK1                    000100  000100  000200       100       1  BANK1   
                bssBANK2                       000200  000100  000300       200       1  BANK2   
                bssBANK3                       000300  000028  000328       300       1  BANK3   
                mediumconst                    007ED6  00012A  008000      3F6B       0  MEDIUMCO


UNUSED ADDRESS RANGES

        Name                Unused          Largest block    Delta
        BANK3            000328-0003FF               D8
        BANK4            000400-0004FF              100
        BANK5            000500-0005FF              100
        BANK6            000600-0006FF              100
        BANK7            000700-0007FF              100
        BIGRAM           000328-0007FF              4D8
        BIGSFR           000F53-000FFF               AD
        CODE             000004-000007                4
                         00641B-007ED5             1ABB
        CONST            000004-000007                4
                         00641B-007ED5             1ABB
        EEDATA           F00000-F000FF              100
        MEDIUMCONST      00641B-007ED5             1ABB
        RAM              000328-0007FF              100
        SFR              000F53-000FFF                D
        SMALLCONST       00641B-007ED5              100

                                  Symbol Table

?_ADC_GetConversion                                   cstackCOMRAM 000001
?_MF_xfsg_triangle_equal                              cstackBANK0  000075
?_OP_operador_And                                     cstackCOMRAM 00004F
?_OP_operador_Defuz                                   cstackBANK0  000075
?_OP_operador_Or                                      cstackCOMRAM 000057
?_TP_CambioError_ceNG_equal                           cstackBANK0  000095
?_TP_CambioError_ceNM_equal                           cstackBANK0  000095
?_TP_CambioError_ceNP_equal                           cstackBANK0  000095
?_TP_CambioError_cePG_equal                           cstackBANK0  000095
?_TP_CambioError_cePM_equal                           cstackBANK0  000095
?_TP_CambioError_cePP_equal                           cstackBANK0  000095
?_TP_CambioError_ceZ_equal                            cstackBANK0  000095
?_TP_error_eNG_equal                                  cstackBANK0  000095
?_TP_error_eNM_equal                                  cstackBANK0  000095
?_TP_error_eNP_equal                                  cstackBANK0  000095
?_TP_error_ePG_equal                                  cstackBANK0  000095
?_TP_error_ePM_equal                                  cstackBANK0  000095
?_TP_error_ePP_equal                                  cstackBANK0  000095
?_TP_error_eZ_equal                                   cstackBANK0  000095
?_TP_salida_sNG_center                                cstackCOMRAM 000001
?_TP_salida_sNM_center                                cstackCOMRAM 000001
?_TP_salida_sNP_center                                cstackCOMRAM 000001
?_TP_salida_sPG_center                                cstackCOMRAM 000001
?_TP_salida_sPM_center                                cstackCOMRAM 000001
?_TP_salida_sPP_center                                cstackCOMRAM 000001
?_TP_salida_sZ_center                                 cstackCOMRAM 000001
?___fladd                                             cstackCOMRAM 000043
?___fldiv                                             cstackBANK0  000060
?___flmul                                             cstackCOMRAM 00002A
?___flneg                                             cstackCOMRAM 000001
?___flsub                                             cstackCOMRAM 000053
?___fltol                                             cstackCOMRAM 000001
?___fpclassifyf                                       cstackCOMRAM 000001
?___lldiv                                             cstackCOMRAM 000001
?___lmul                                              cstackCOMRAM 000001
?___lodiv                                             cstackCOMRAM 000001
?___lomod                                             cstackCOMRAM 000001
?___wmul                                              cstackCOMRAM 000001
?___xxtofl                                            cstackCOMRAM 00001C
?_atoi                                                cstackCOMRAM 000007
?_atol                                                cstackCOMRAM 00000D
?_floorf                                              cstackBANK0  000075
?_isdigit                                             cstackCOMRAM 000001
?_isspace                                             cstackCOMRAM 000001
?_labs                                                cstackCOMRAM 000001
?_sprintf                                             cstackBANK0  0000DD
?_vfprintf                                            cstackBANK0  0000D5
ADC_GetConversion@channel                             cstackCOMRAM 000005
ADC_GetConversion@resultADC                           cstackCOMRAM 000006
Control_temperatura_difusoInferenceEngine@CambioError cstackBANK0  0000B5
Control_temperatura_difusoInferenceEngine@Salida      cstackBANK0  0000BB
Control_temperatura_difusoInferenceEngine@_d_Salida   cstackBANK0  0000B9
Control_temperatura_difusoInferenceEngine@error       cstackBANK0  0000B1
EUSART_SerialBegin@baudios                            cstackCOMRAM 00000E
EUSART_SerialBegin@n                                  cstackCOMRAM 000012
EUSART_WriteChar@data                                 cstackCOMRAM 000001
EUSART_WriteString@ptrString                          cstackCOMRAM 000002
Key_Enable_Filas@fila                                 cstackCOMRAM 000003
Key_Read@key                                          cstackCOMRAM 000006
Key_Read@value_column                                 cstackCOMRAM 000007
Lcd_Cmd@a                                             cstackCOMRAM 000003
Lcd_Port@a                                            cstackCOMRAM 000001
Lcd_Set_Cursor@a                                      cstackCOMRAM 000005
Lcd_Set_Cursor@b                                      cstackCOMRAM 000004
Lcd_Set_Cursor@temp                                   cstackCOMRAM 000008
Lcd_Set_Cursor@y                                      cstackCOMRAM 000007
Lcd_Set_Cursor@z                                      cstackCOMRAM 000006
Lcd_Write_Char@a                                      cstackCOMRAM 000004
Lcd_Write_Char@temp                                   cstackCOMRAM 000002
Lcd_Write_Char@y                                      cstackCOMRAM 000003
Lcd_Write_String@a                                    cstackCOMRAM 000005
Lcd_Write_String@i                                    cstackCOMRAM 000009
MF_xfsg_triangle_equal@a                              cstackBANK0  000085
MF_xfsg_triangle_equal@b                              cstackBANK0  000089
MF_xfsg_triangle_equal@c                              cstackBANK0  00008D
MF_xfsg_triangle_equal@max                            cstackBANK0  00007D
MF_xfsg_triangle_equal@min                            cstackBANK0  000079
MF_xfsg_triangle_equal@step                           cstackBANK0  000081
MF_xfsg_triangle_equal@x                              cstackBANK0  000075
OP_operador_And@a                                     cstackCOMRAM 00004F
OP_operador_And@b                                     cstackCOMRAM 000053
OP_operador_Defuz@denom                               cstackBANK0  00009F
OP_operador_Defuz@i                                   cstackBANK0  0000A3
OP_operador_Defuz@max                                 cstackBANK0  000097
OP_operador_Defuz@mf                                  cstackBANK0  000075
OP_operador_Defuz@min                                 cstackBANK0  000093
OP_operador_Defuz@num                                 cstackBANK0  00009B
OP_operador_Or@a                                      cstackCOMRAM 000057
OP_operador_Or@b                                      cstackCOMRAM 00005B
RL_reglas_controlador@CambioError                     cstackBANK0  0000A9
RL_reglas_controlador@Salida                          cstackBANK0  0000AD
RL_reglas_controlador@_CambioError_eq                 cstackBANK1  0001AE
RL_reglas_controlador@_Salida                         cstackBANK1  000168
RL_reglas_controlador@_Salida_conc                    cstackBANK1  000128
RL_reglas_controlador@_Salida_degree                  cstackBANK1  000100
RL_reglas_controlador@_Salida_i                       cstackBANK1  0001CA
RL_reglas_controlador@_error_eq                       cstackBANK1  000192
RL_reglas_controlador@_rl                             cstackBANK1  000182
RL_reglas_controlador@error                           cstackBANK0  0000A5
TP_CambioError_ceNG_equal@x                           cstackBANK0  000095
TP_CambioError_ceNM_equal@x                           cstackBANK0  000095
TP_CambioError_ceNP_equal@x                           cstackBANK0  000095
TP_CambioError_cePG_equal@x                           cstackBANK0  000095
TP_CambioError_cePM_equal@x                           cstackBANK0  000095
TP_CambioError_cePP_equal@x                           cstackBANK0  000095
TP_CambioError_ceZ_equal@x                            cstackBANK0  000095
TP_error_eNG_equal@x                                  cstackBANK0  000095
TP_error_eNM_equal@x                                  cstackBANK0  000095
TP_error_eNP_equal@x                                  cstackBANK0  000095
TP_error_ePG_equal@x                                  cstackBANK0  000095
TP_error_ePM_equal@x                                  cstackBANK0  000095
TP_error_ePP_equal@x                                  cstackBANK0  000095
TP_error_eZ_equal@x                                   cstackBANK0  000095
TP_error_fam_equal@F849                               dataBANK2    0002DC
Tomar_muestra_temperatura@i                           cstackBANK0  000075
_ADCON0bits                                           (abs)        000FC2
_ADCON1bits                                           (abs)        000FC1
_ADCON2bits                                           (abs)        000FC0
_ADC_Disable                                          text9        006416
_ADC_Enable                                           text8        006412
_ADC_GetConversion                                    text5        005F1E
_ADC_Init                                             text54       0062CE
_ADC_StartConversion                                  text7        00640E
_ADC_StateConversion                                  text6        006316
_ADRESH                                               (abs)        000FC4
_ADRESL                                               (abs)        000FC3
_ANSELAbits                                           (abs)        000F5B
_ANSELB                                               (abs)        000F5C
_ANSELCbits                                           (abs)        000F5D
_ANSELD                                               (abs)        000F5E
_APPState                                             bssBANK0     0000FE
_BAUDCON1                                             (abs)        000FB8
_CCP2CONbits                                          (abs)        000F97
_CCPR2                                                (abs)        000F90
_CCPR2L                                               (abs)        000F90
_CCPR2_ModoPWM_Init                                   text53       00632A
_Cambio_error                                         bssBANK1     0001D8
_Control_temperatura_difusoInferenceEngine            text57       005FBE
_EUSART_SerialBegin                                   text51       005CAA
_EUSART_WriteChar                                     text56       006300
_EUSART_WriteString                                   text55       0061C4
_Hardware_Init                                        text40       006116
_INTCON2bits                                          (abs)        000FF1
_INTCONbits                                           (abs)        000FF2
_INTERRUPT_Init                                       text50       006406
_InterruptHighPriority                                intcode      000008
_Key_Enable_Filas                                     text39       005D10
_Key_Init                                             text49       0063E8
_Key_Read                                             text37       003F90
_Key_Scan_Columnas                                    text38       004F7A
_Keypad4x4                                            dataBANK2    0002F0
_LATB                                                 (abs)        000F8A
_LATD                                                 (abs)        000F8C
_LATDbits                                             (abs)        000F8C
_LCD_imprimir_Datos                                   text11       005196
_Lcd_Clear                                            text10       0063CC
_Lcd_Cmd                                              text47       0062AE
_Lcd_Init                                             text46       005B5E
_Lcd_Port                                             text48       005D6E
_Lcd_Set_Cursor                                       text36       004D0E
_Lcd_Write_Char                                       text35       00618C
_Lcd_Write_String                                     text34       005AE0
_MF_xfsg_triangle_equal                               text73       004180
_MF_xfsg_triangle_equal$291                           cstackBANK0  000091
_OP_operador_And                                      text88       005E22
_OP_operador_Defuz                                    text76       00393C
_OP_operador_Or                                       text75       005DCA
_OSCCONbits                                           (abs)        000FD3
_OSCILADOR_Init                                       text45       0063DA
_PIE1bits                                             (abs)        000F9D
_PIR1bits                                             (abs)        000F9E
_PORTB                                                (abs)        000F81
_PORT_Init                                            text44       00628E
_PR2                                                  (abs)        000FBB
_RCONbits                                             (abs)        000FD0
_RCREG1                                               (abs)        000FAE
_RCSTA1                                               (abs)        000FAB
_RCSTA1bits                                           (abs)        000FAB
_RL_reglas_controlador                                text58       000040
_RL_reglas_controlador$2484                           cstackBANK1  000186
_RL_reglas_controlador$2485                           cstackBANK1  00018A
_RL_reglas_controlador$2486                           cstackBANK1  00018E
_RL_reglas_controlador$2487                           cstackBANK1  000164
_RL_reglas_controlador$2488                           cstackBANK1  000160
_RL_reglas_controlador$2489                           cstackBANK1  00011C
_RL_reglas_controlador$2490                           cstackBANK1  000120
_RL_reglas_controlador$2491                           cstackBANK1  000124
_SP                                                   bssBANK2     0002C8
_SPBRG1                                               (abs)        000FAF
_SPBRGH1                                              (abs)        000FB0
_T0CONbits                                            (abs)        000FD5
_T2CONbits                                            (abs)        000FBA
_TIMER0_Interrupt_Init                                text43       0063FE
_TIMER0_ModoTemporizador_Init                         text42       00626A
_TIMER2_ModoPWM_Init                                  text41       0063BC
_TMR0                                                 (abs)        000FD6
_TMR2                                                 (abs)        000FBC
_TP_CambioError_ceNG_equal                            text72       005A58
_TP_CambioError_ceNM_equal                            text71       0059D0
_TP_CambioError_ceNP_equal                            text70       005948
_TP_CambioError_cePG_equal                            text69       0058C0
_TP_CambioError_cePM_equal                            text68       005838
_TP_CambioError_cePP_equal                            text67       0057B0
_TP_CambioError_ceZ_equal                             text66       005728
_TP_error_eNG_equal                                   text65       0056A0
_TP_error_eNM_equal                                   text64       005618
_TP_error_eNP_equal                                   text63       005590
_TP_error_ePG_equal                                   text62       005508
_TP_error_ePM_equal                                   text61       005480
_TP_error_ePP_equal                                   text60       0053F8
_TP_error_eZ_equal                                    text59       005370
_TP_salida_sNG_center                                 text86       006398
_TP_salida_sNG_equal                                  (abs)        000000
_TP_salida_sNM_center                                 text85       006386
_TP_salida_sNM_equal                                  (abs)        000000
_TP_salida_sNP_center                                 text84       006374
_TP_salida_sNP_equal                                  (abs)        000000
_TP_salida_sPG_center                                 text81       00633E
_TP_salida_sPG_equal                                  (abs)        000000
_TP_salida_sPM_center                                 text82       006350
_TP_salida_sPM_equal                                  (abs)        000000
_TP_salida_sPP_center                                 text83       006362
_TP_salida_sPP_equal                                  (abs)        000000
_TP_salida_sZ_center                                  text87       0063AA
_TP_salida_sZ_equal                                   (abs)        000000
_TRISAbits                                            (abs)        000F92
_TRISB                                                (abs)        000F93
_TRISCbits                                            (abs)        000F94
_TRISD                                                (abs)        000F95
_TRISDbits                                            (abs)        000F95
_TXREG1                                               (abs)        000FAD
_TXSTA1                                               (abs)        000FAC
_TXSTA1bits                                           (abs)        000FAC
_Tomar_muestra_temperatura                            text3        0047FC
_Ts                                                   dataBANK1    0001FC
_WPUBbits                                             (abs)        000F85
__HRAM                                                (abs)        000000
__Habs1                                               abs1         000000
__Hbank0                                              bank0        000000
__Hbank1                                              bank1        000000
__Hbank2                                              bank2        000000
__Hbank3                                              bank3        000000
__Hbank4                                              bank4        000000
__Hbank5                                              bank5        000000
__Hbank6                                              bank6        000000
__Hbank7                                              bank7        000000
__Hbigbss                                             bigbss       000000
__Hbigdata                                            bigdata      000000
__Hbigram                                             bigram       000000
__Hbigsfr                                             bigsfr       000000
__Hbss                                                bss          000000
__HbssBANK0                                           bssBANK0     000000
__HbssBANK1                                           bssBANK1     000000
__HbssBANK2                                           bssBANK2     000000
__HbssBANK3                                           bssBANK3     000000
__Hcinit                                              cinit        000000
__Hclrtext                                            clrtext      000000
__Hcomram                                             comram       000000
__Hconfig                                             config       30000E
__Hconst                                              const        000000
__HcstackBANK0                                        cstackBANK0  000000
__HcstackBANK1                                        cstackBANK1  000000
__HcstackCOMRAM                                       cstackCOMRAM 000000
__Hdata                                               data         000000
__HdataBANK0                                          dataBANK0    000000
__HdataBANK1                                          dataBANK1    000000
__HdataBANK2                                          dataBANK2    000000
__Heeprom_data                                        eeprom_data  000000
__Hfarbss                                             farbss       000000
__Hfardata                                            fardata      000000
__Hheap                                               heap         000000
__Hibigdata                                           ibigdata     000000
__Hidata                                              idata        000000
__HidataBANK0                                         idataBANK0   000000
__HidataBANK1                                         idataBANK1   000000
__HidataBANK2                                         idataBANK2   000000
__Hidloc                                              idloc        200008
__Hifardata                                           ifardata     000000
__Hinit                                               init         000040
__Hintcode                                            intcode      00003C
__Hintcode_body                                       intcode_body 000000
__Hintcodelo                                          intcodelo    00003C
__Hintentry                                           intentry     000000
__Hintret                                             intret       000000
__Hintsave_regs                                       intsave_regs 000000
__Hirdata                                             irdata       000000
__Hmediumconst                                        mediumconst  008000
__HnvFARRAM                                           nvFARRAM     000000
__Hnvbit                                              nvbit        000000
__Hnvrram                                             nvrram       000000
__Hparam                                              rparam       000000
__Hpowerup                                            powerup      00003C
__Hram                                                ram          000000
__Hramtop                                             ramtop       000800
__Hrbit                                               rbit         000000
__Hrbss                                               rbss         000000
__Hrdata                                              rdata        000000
__Hreset_vec                                          reset_vec    000004
__Hrparam                                             rparam       000000
__Hsfr                                                sfr          000000
__Hsmallconst                                         smallconst   000000
__Hspace_0                                            (abs)        008000
__Hspace_1                                            (abs)        000328
__Hspace_2                                            (abs)        000000
__Hspace_4                                            (abs)        60000E
__Hstack                                              stack        000000
__Hstruct                                             struct       000000
__Htemp                                               temp         000060
__Htext                                               text         000000
__Htext0                                              text0        000000
__Htext1                                              text1        000000
__Htext10                                             text10       000000
__Htext11                                             text11       000000
__Htext12                                             text12       000000
__Htext13                                             text13       000000
__Htext14                                             text14       000000
__Htext15                                             text15       000000
__Htext16                                             text16       000000
__Htext17                                             text17       000000
__Htext18                                             text18       000000
__Htext19                                             text19       000000
__Htext2                                              text2        000000
__Htext20                                             text20       000000
__Htext21                                             text21       000000
__Htext22                                             text22       000000
__Htext23                                             text23       000000
__Htext24                                             text24       000000
__Htext25                                             text25       000000
__Htext26                                             text26       000000
__Htext27                                             text27       000000
__Htext28                                             text28       000000
__Htext29                                             text29       000000
__Htext3                                              text3        000000
__Htext30                                             text30       000000
__Htext31                                             text31       000000
__Htext32                                             text32       000000
__Htext33                                             text33       000000
__Htext34                                             text34       000000
__Htext35                                             text35       000000
__Htext36                                             text36       000000
__Htext37                                             text37       000000
__Htext38                                             text38       000000
__Htext39                                             text39       000000
__Htext4                                              text4        000000
__Htext40                                             text40       000000
__Htext41                                             text41       000000
__Htext42                                             text42       000000
__Htext43                                             text43       000000
__Htext44                                             text44       000000
__Htext45                                             text45       000000
__Htext46                                             text46       000000
__Htext47                                             text47       000000
__Htext48                                             text48       000000
__Htext49                                             text49       000000
__Htext5                                              text5        000000
__Htext50                                             text50       000000
__Htext51                                             text51       000000
__Htext52                                             text52       000000
__Htext53                                             text53       000000
__Htext54                                             text54       000000
__Htext55                                             text55       000000
__Htext56                                             text56       000000
__Htext57                                             text57       000000
__Htext58                                             text58       000000
__Htext59                                             text59       000000
__Htext6                                              text6        000000
__Htext60                                             text60       000000
__Htext61                                             text61       000000
__Htext62                                             text62       000000
__Htext63                                             text63       000000
__Htext64                                             text64       000000
__Htext65                                             text65       000000
__Htext66                                             text66       000000
__Htext67                                             text67       000000
__Htext68                                             text68       000000
__Htext69                                             text69       000000
__Htext7                                              text7        000000
__Htext70                                             text70       000000
__Htext71                                             text71       000000
__Htext72                                             text72       000000
__Htext73                                             text73       000000
__Htext74                                             text74       000000
__Htext75                                             text75       000000
__Htext76                                             text76       000000
__Htext77                                             text77       000000
__Htext78                                             text78       000000
__Htext79                                             text79       000000
__Htext8                                              text8        000000
__Htext80                                             text80       000000
__Htext81                                             text81       000000
__Htext82                                             text82       000000
__Htext83                                             text83       000000
__Htext84                                             text84       000000
__Htext85                                             text85       000000
__Htext86                                             text86       000000
__Htext87                                             text87       000000
__Htext88                                             text88       000000
__Htext89                                             text89       000000
__Htext9                                              text9        000000
__LRAM                                                (abs)        000001
__Labs1                                               abs1         000000
__Lbank0                                              bank0        000000
__Lbank1                                              bank1        000000
__Lbank2                                              bank2        000000
__Lbank3                                              bank3        000000
__Lbank4                                              bank4        000000
__Lbank5                                              bank5        000000
__Lbank6                                              bank6        000000
__Lbank7                                              bank7        000000
__Lbigbss                                             bigbss       000000
__Lbigdata                                            bigdata      000000
__Lbigram                                             bigram       000000
__Lbigsfr                                             bigsfr       000000
__Lbss                                                bss          000000
__LbssBANK0                                           bssBANK0     000000
__LbssBANK1                                           bssBANK1     000000
__LbssBANK2                                           bssBANK2     000000
__LbssBANK3                                           bssBANK3     000000
__Lcinit                                              cinit        000000
__Lclrtext                                            clrtext      000000
__Lcomram                                             comram       000000
__Lconfig                                             config       000000
__Lconst                                              const        000000
__LcstackBANK0                                        cstackBANK0  000000
__LcstackBANK1                                        cstackBANK1  000000
__LcstackCOMRAM                                       cstackCOMRAM 000000
__Ldata                                               data         000000
__LdataBANK0                                          dataBANK0    000000
__LdataBANK1                                          dataBANK1    000000
__LdataBANK2                                          dataBANK2    000000
__Leeprom_data                                        eeprom_data  000000
__Lfarbss                                             farbss       000000
__Lfardata                                            fardata      000000
__Lheap                                               heap         000000
__Libigdata                                           ibigdata     000000
__Lidata                                              idata        000000
__LidataBANK0                                         idataBANK0   000000
__LidataBANK1                                         idataBANK1   000000
__LidataBANK2                                         idataBANK2   000000
__Lidloc                                              idloc        000000
__Lifardata                                           ifardata     000000
__Linit                                               init         00003C
__Lintcode                                            intcode      000008
__Lintcode_body                                       intcode_body 000000
__Lintcodelo                                          intcodelo    00003C
__Lintentry                                           intentry     000000
__Lintret                                             intret       000000
__Lintsave_regs                                       intsave_regs 000000
__Lirdata                                             irdata       000000
__Lmediumconst                                        mediumconst  007ED6
__LnvFARRAM                                           nvFARRAM     000000
__Lnvbit                                              nvbit        000000
__Lnvrram                                             nvrram       000000
__Lparam                                              rparam       000000
__Lpowerup                                            powerup      00003C
__Lram                                                ram          000000
__Lramtop                                             ramtop       000800
__Lrbit                                               rbit         000000
__Lrbss                                               rbss         000000
__Lrdata                                              rdata        000000
__Lreset_vec                                          reset_vec    000000
__Lrparam                                             rparam       000000
__Lsfr                                                sfr          000000
__Lsmallconst                                         smallconst   000000
__Lspace_0                                            (abs)        000000
__Lspace_1                                            (abs)        000000
__Lspace_2                                            (abs)        000000
__Lspace_4                                            (abs)        000000
__Lstack                                              stack        000000
__Lstruct                                             struct       000000
__Ltemp                                               temp         00005F
__Ltext                                               text         000000
__Ltext0                                              text0        000000
__Ltext1                                              text1        000000
__Ltext10                                             text10       000000
__Ltext11                                             text11       000000
__Ltext12                                             text12       000000
__Ltext13                                             text13       000000
__Ltext14                                             text14       000000
__Ltext15                                             text15       000000
__Ltext16                                             text16       000000
__Ltext17                                             text17       000000
__Ltext18                                             text18       000000
__Ltext19                                             text19       000000
__Ltext2                                              text2        000000
__Ltext20                                             text20       000000
__Ltext21                                             text21       000000
__Ltext22                                             text22       000000
__Ltext23                                             text23       000000
__Ltext24                                             text24       000000
__Ltext25                                             text25       000000
__Ltext26                                             text26       000000
__Ltext27                                             text27       000000
__Ltext28                                             text28       000000
__Ltext29                                             text29       000000
__Ltext3                                              text3        000000
__Ltext30                                             text30       000000
__Ltext31                                             text31       000000
__Ltext32                                             text32       000000
__Ltext33                                             text33       000000
__Ltext34                                             text34       000000
__Ltext35                                             text35       000000
__Ltext36                                             text36       000000
__Ltext37                                             text37       000000
__Ltext38                                             text38       000000
__Ltext39                                             text39       000000
__Ltext4                                              text4        000000
__Ltext40                                             text40       000000
__Ltext41                                             text41       000000
__Ltext42                                             text42       000000
__Ltext43                                             text43       000000
__Ltext44                                             text44       000000
__Ltext45                                             text45       000000
__Ltext46                                             text46       000000
__Ltext47                                             text47       000000
__Ltext48                                             text48       000000
__Ltext49                                             text49       000000
__Ltext5                                              text5        000000
__Ltext50                                             text50       000000
__Ltext51                                             text51       000000
__Ltext52                                             text52       000000
__Ltext53                                             text53       000000
__Ltext54                                             text54       000000
__Ltext55                                             text55       000000
__Ltext56                                             text56       000000
__Ltext57                                             text57       000000
__Ltext58                                             text58       000000
__Ltext59                                             text59       000000
__Ltext6                                              text6        000000
__Ltext60                                             text60       000000
__Ltext61                                             text61       000000
__Ltext62                                             text62       000000
__Ltext63                                             text63       000000
__Ltext64                                             text64       000000
__Ltext65                                             text65       000000
__Ltext66                                             text66       000000
__Ltext67                                             text67       000000
__Ltext68                                             text68       000000
__Ltext69                                             text69       000000
__Ltext7                                              text7        000000
__Ltext70                                             text70       000000
__Ltext71                                             text71       000000
__Ltext72                                             text72       000000
__Ltext73                                             text73       000000
__Ltext74                                             text74       000000
__Ltext75                                             text75       000000
__Ltext76                                             text76       000000
__Ltext77                                             text77       000000
__Ltext78                                             text78       000000
__Ltext79                                             text79       000000
__Ltext8                                              text8        000000
__Ltext80                                             text80       000000
__Ltext81                                             text81       000000
__Ltext82                                             text82       000000
__Ltext83                                             text83       000000
__Ltext84                                             text84       000000
__Ltext85                                             text85       000000
__Ltext86                                             text86       000000
__Ltext87                                             text87       000000
__Ltext88                                             text88       000000
__Ltext89                                             text89       000000
__Ltext9                                              text9        000000
__S0                                                  (abs)        008000
__S1                                                  (abs)        000328
__S4                                                  (abs)        000000
__S5                                                  (abs)        000000
___fladd                                              text80       002CB6
___fladd@a                                            cstackCOMRAM 000047
___fladd@aexp                                         cstackCOMRAM 000050
___fladd@b                                            cstackCOMRAM 000043
___fladd@bexp                                         cstackCOMRAM 000051
___fladd@grs                                          cstackCOMRAM 000052
___fladd@signs                                        cstackCOMRAM 00004F
___fldiv                                              text79       0035A0
___fldiv@a                                            cstackBANK0  000064
___fldiv@aexp                                         cstackBANK0  000074
___fldiv@b                                            cstackBANK0  000060
___fldiv@bexp                                         cstackBANK0  000073
___fldiv@grs                                          cstackBANK0  00006F
___fldiv@new_exp                                      cstackBANK0  00006D
___fldiv@rem                                          cstackBANK0  000068
___fldiv@sign                                         cstackBANK0  00006C
___fleq                                               text78       0050EC
___fleq@ff1                                           cstackCOMRAM 000001
___fleq@ff2                                           cstackCOMRAM 000005
___flge                                               text89       004A1C
___flge@ff1                                           cstackCOMRAM 000043
___flge@ff2                                           cstackCOMRAM 000047
___flmul                                              text77       003176
___flmul@a                                            cstackCOMRAM 00002E
___flmul@aexp                                         cstackCOMRAM 00003B
___flmul@b                                            cstackCOMRAM 00002A
___flmul@bexp                                         cstackCOMRAM 00003C
___flmul@grs                                          cstackCOMRAM 000037
___flmul@prod                                         cstackCOMRAM 00003D
___flmul@sign                                         cstackCOMRAM 000036
___flmul@temp                                         cstackCOMRAM 000041
___flneg                                              text29       006154
___flneg@f1                                           cstackCOMRAM 000001
___flsub                                              text74       00604C
___flsub@a                                            cstackCOMRAM 000057
___flsub@b                                            cstackCOMRAM 000053
___fltol                                              text28       004916
___fltol@exp1                                         cstackCOMRAM 00000A
___fltol@f1                                           cstackCOMRAM 000001
___fltol@sign1                                        cstackCOMRAM 000009
___fpclassifyf                                        text27       004B20
___fpclassifyf@F465                                   bssBANK1     0001D0
___fpclassifyf@e                                      cstackCOMRAM 000009
___fpclassifyf@u                                      cstackCOMRAM 00000B
___fpclassifyf@x                                      cstackCOMRAM 000001
___heap_hi                                            (abs)        000000
___heap_lo                                            (abs)        000000
___inthi_sp                                           stack        000000
___intlo_sp                                           stack        000000
___lldiv                                              text52       00523C
___lldiv@counter                                      cstackCOMRAM 00000D
___lldiv@dividend                                     cstackCOMRAM 000001
___lldiv@divisor                                      cstackCOMRAM 000005
___lldiv@quotient                                     cstackCOMRAM 000009
___lmul                                               text2        005BDA
___lmul@multiplicand                                  cstackCOMRAM 000005
___lmul@multiplier                                    cstackCOMRAM 000001
___lmul@product                                       cstackCOMRAM 000009
___lodiv                                              text17       004C1E
___lodiv@counter                                      cstackCOMRAM 000019
___lodiv@dividend                                     cstackCOMRAM 000001
___lodiv@divisor                                      cstackCOMRAM 000009
___lodiv@quotient                                     cstackCOMRAM 000011
___lomod                                              text16       004DE0
___lomod@counter                                      cstackCOMRAM 000011
___lomod@dividend                                     cstackCOMRAM 000001
___lomod@divisor                                      cstackCOMRAM 000009
___param_bank                                         (abs)        000000
___rparam_used                                        (abs)        000001
___sp                                                 stack        000000
___wmul                                               text33       006220
___wmul@multiplicand                                  cstackCOMRAM 000003
___wmul@multiplier                                    cstackCOMRAM 000001
___wmul@product                                       cstackCOMRAM 000005
___xxtofl                                             text4        00436C
___xxtofl@arg                                         cstackCOMRAM 000026
___xxtofl@exp                                         cstackCOMRAM 000025
___xxtofl@sign                                        cstackCOMRAM 000024
___xxtofl@val                                         cstackCOMRAM 00001C
__accesstop                                           (abs)        000060
__activetblptr                                        (abs)        000002
__end_of_ADC_Disable                                  text9        00641A
__end_of_ADC_Enable                                   text8        006416
__end_of_ADC_GetConversion                            text5        005F6E
__end_of_ADC_Init                                     text54       0062EA
__end_of_ADC_StartConversion                          text7        006412
__end_of_ADC_StateConversion                          text6        00632A
__end_of_CCPR2_ModoPWM_Init                           text53       00633E
__end_of_Control_temperatura_difusoInferenceEngine    text57       006006
__end_of_EUSART_SerialBegin                           text51       005D10
__end_of_EUSART_WriteChar                             text56       006316
__end_of_EUSART_WriteString                           text55       0061F4
__end_of_Hardware_Init                                text40       006154
__end_of_INTERRUPT_Init                               text50       00640E
__end_of_InterruptHighPriority                        intcode      00003C
__end_of_Key_Enable_Filas                             text39       005D6E
__end_of_Key_Init                                     text49       0063F6
__end_of_Key_Read                                     text37       004180
__end_of_Key_Scan_Columnas                            text38       00503E
__end_of_LCD_imprimir_Datos                           text11       00523C
__end_of_Lcd_Clear                                    text10       0063DA
__end_of_Lcd_Cmd                                      text47       0062CE
__end_of_Lcd_Init                                     text46       005BDA
__end_of_Lcd_Port                                     text48       005DCA
__end_of_Lcd_Set_Cursor                               text36       004DE0
__end_of_Lcd_Write_Char                               text35       0061C4
__end_of_Lcd_Write_String                             text34       005B5E
__end_of_MF_xfsg_triangle_equal                       text73       00436C
__end_of_OP_operador_And                              text88       005E7A
__end_of_OP_operador_Defuz                            text76       003B7E
__end_of_OP_operador_Or                               text75       005E22
__end_of_OSCILADOR_Init                               text45       0063E8
__end_of_PORT_Init                                    text44       0062AE
__end_of_RL_reglas_controlador                        text58       00160E
__end_of_TIMER0_Interrupt_Init                        text43       006406
__end_of_TIMER0_ModoTemporizador_Init                 text42       00628E
__end_of_TIMER2_ModoPWM_Init                          text41       0063CC
__end_of_TP_CambioError_ceNG_equal                    text72       005AE0
__end_of_TP_CambioError_ceNM_equal                    text71       005A58
__end_of_TP_CambioError_ceNP_equal                    text70       0059D0
__end_of_TP_CambioError_cePG_equal                    text69       005948
__end_of_TP_CambioError_cePM_equal                    text68       0058C0
__end_of_TP_CambioError_cePP_equal                    text67       005838
__end_of_TP_CambioError_ceZ_equal                     text66       0057B0
__end_of_TP_error_eNG_equal                           text65       005728
__end_of_TP_error_eNM_equal                           text64       0056A0
__end_of_TP_error_eNP_equal                           text63       005618
__end_of_TP_error_ePG_equal                           text62       005590
__end_of_TP_error_ePM_equal                           text61       005508
__end_of_TP_error_ePP_equal                           text60       005480
__end_of_TP_error_eZ_equal                            text59       0053F8
__end_of_TP_salida_sNG_center                         text86       0063AA
__end_of_TP_salida_sNM_center                         text85       006398
__end_of_TP_salida_sNP_center                         text84       006386
__end_of_TP_salida_sPG_center                         text81       006350
__end_of_TP_salida_sPM_center                         text82       006362
__end_of_TP_salida_sPP_center                         text83       006374
__end_of_TP_salida_sZ_center                          text87       0063BC
__end_of_Tomar_muestra_temperatura                    text3        004916
__end_of___fladd                                      text80       003176
__end_of___fldiv                                      text79       00393C
__end_of___fleq                                       text78       005196
__end_of___flge                                       text89       004B20
__end_of___flmul                                      text77       0035A0
__end_of___flneg                                      text29       00618C
__end_of___flsub                                      text74       006092
__end_of___fltol                                      text28       004A1C
__end_of___fpclassifyf                                text27       004C1E
__end_of___lldiv                                      text52       0052E0
__end_of___lmul                                       text2        005C44
__end_of___lodiv                                      text17       004D0E
__end_of___lomod                                      text16       004EB0
__end_of___wmul                                       text33       006246
__end_of___xxtofl                                     text4        004520
__end_of__initialization                              cinit        005362
__end_of_atoi                                         text30       0047FC
__end_of_atol                                         text1        0046B2
__end_of_efgtoa                                       text18       002078
__end_of_floorf                                       text26       003D94
__end_of_fputc                                        text22       004F7A
__end_of_fputs                                        text21       0060D6
__end_of_isdigit                                      text32       006220
__end_of_isspace                                      text31       00604C
__end_of_labs                                         text25       005CAA
__end_of_main                                         text0        00276A
__end_of_memcpy                                       text24       005FBE
__end_of_pad                                          text20       0050EC
__end_of_putch                                        text23       006300
__end_of_sprintf                                      text12       005ECC
__end_of_strcpy                                       text19       006116
__end_of_utoa                                         text15       003F90
__end_of_vfpfcnvrt                                    text14       002CB6
__end_of_vfprintf                                     text13       005F1E
__initialization                                      cinit        0052E0
__mediumconst                                         mediumconst  007ED6
__pbssBANK0                                           bssBANK0     0000F4
__pbssBANK1                                           bssBANK1     0001CC
__pbssBANK2                                           bssBANK2     000200
__pbssBANK3                                           bssBANK3     000300
__pcinit                                              cinit        0052E0
__pcstackBANK0                                        cstackBANK0  000060
__pcstackBANK1                                        cstackBANK1  000100
__pcstackCOMRAM                                       cstackCOMRAM 000001
__pdataBANK0                                          dataBANK0    0000FF
__pdataBANK1                                          dataBANK1    0001F8
__pdataBANK2                                          dataBANK2    0002DC
[...]
__ptext9                                              text9        006416
__ramtop                                              ramtop       000800
__smallconst                                          smallconst   000000
_atoi                                                 text30       0046B2
_atol                                                 text1        004520
_columna                                              dataBANK0    0000FF
_constante                                            dataBANK1    0001F8
_contador                                             bssBANK0     0000FC
_dbuf                                                 bssBANK2     000200
_efgtoa                                               text18       00160E
_efgtoa$2020                                          cstackBANK0  000098
_error                                                bssBANK1     0001E4
_error_                                               bssBANK1     0001E0
_flagTimer0                                           bssBANK0     0000FD
_flags                                                bssBANK0     0000F8
_floorf                                               text26       003B7E
_fputc                                                text22       004EB0
_fputs                                                text21       006092
_indice                                               bssBANK0     0000F9
_isdigit                                              text32       0061F4
_isspace                                              text31       006006
_isspace$1882                                         cstackCOMRAM 000005
_labs                                                 text25       005C44
_main                                                 text0        002078
_memcpy                                               text24       005F6E
_pad                                                  text20       00503E
_prec                                                 bssBANK0     0000F6
_putch                                                text23       0062EA
_salida                                               bssBANK1     0001F4
_salida_                                              bssBANK1     0001DC
_salida_sistema                                       bssBANK1     0001D4
_setpoint                                             bssBANK1     0001E8
_sprintf                                              text12       005E7A
_strMCP9700A                                          bssBANK2     0002B4
_strTemp                                              bssBANK2     000278
_strcpy                                               text19       0060D6
_strpwm                                               bssBANK2     000250
_strsetpoint                                          bssBANK2     0002A0
_strtiempo                                            bssBANK3     000300
_tecla                                                bssBANK0     0000FA
_tempMCP9700A                                         bssBANK1     0001EC
_tiempo                                               bssBANK0     0000FB
_utoa                                                 text15       003D94
_vfpfcnvrt                                            text14       00276A
_vfprintf                                             text13       005ECC
_voutMCP9700A                                         bssBANK1     0001F0
_width                                                bssBANK0     0000F4
atoi@n                                                cstackCOMRAM 00000E
atoi@neg                                              cstackCOMRAM 00000C
atoi@s                                                cstackCOMRAM 000007
atol@n                                                cstackCOMRAM 000018
atol@neg                                              cstackCOMRAM 000016
atol@s                                                cstackCOMRAM 00000D
btemp                                                 temp         00005F
efgtoa@c                                              cstackBANK0  00008F
efgtoa@d                                              cstackBANK0  00009D
efgtoa@e                                              cstackBANK0  0000A1
efgtoa@f                                              cstackBANK0  00008B
efgtoa@fp                                             cstackBANK0  000089
efgtoa@g                                              cstackBANK0  0000B4
efgtoa@h                                              cstackBANK0  0000A9
efgtoa@i                                              cstackBANK0  0000B1
efgtoa@l                                              cstackBANK0  0000AD
efgtoa@m                                              cstackBANK0  00009F
efgtoa@mode                                           cstackBANK0  00009B
efgtoa@n                                              cstackBANK0  0000B8
efgtoa@ne                                             cstackBANK0  000092
efgtoa@nmode                                          cstackBANK0  00009C
efgtoa@ou                                             cstackBANK0  0000A5
efgtoa@p                                              cstackBANK0  000094
efgtoa@pp                                             cstackBANK0  00009A
efgtoa@sign                                           cstackBANK0  0000B3
efgtoa@t                                              cstackBANK0  000096
efgtoa@u                                              cstackBANK0  0000BA
efgtoa@w                                              cstackBANK0  0000A3
end_of_initialization                                 cinit        005362
floorf@F526                                           bssBANK1     0001CC
floorf@e                                              cstackBANK0  000083
floorf@m                                              cstackBANK0  00007F
floorf@u                                              cstackBANK0  000085
floorf@x                                              cstackBANK0  000075
fputc@c                                               cstackCOMRAM 000002
fputc@fp                                              cstackCOMRAM 000004
fputs@c                                               cstackCOMRAM 00000F
fputs@fp                                              cstackCOMRAM 00000D
fputs@i                                               cstackCOMRAM 000010
fputs@s                                               cstackCOMRAM 00000B
int$flags                                             temp         00005F
intlevel0                                             text         000000
intlevel1                                             text         000000
intlevel2                                             text         000000
intlevel3                                             text         000000
isa$std                                               (abs)        000001
isa$xinst                                             (abs)        000000
isdigit@c                                             cstackCOMRAM 000001
isspace@c                                             cstackCOMRAM 000001
labs@a                                                cstackCOMRAM 000001
memcpy@d                                              cstackCOMRAM 000007
memcpy@d1                                             cstackCOMRAM 000001
memcpy@n                                              cstackCOMRAM 000005
memcpy@s                                              cstackCOMRAM 000009
memcpy@s1                                             cstackCOMRAM 000003
memcpy@tmp                                            cstackCOMRAM 00000B
pad@buf                                               cstackCOMRAM 000014
pad@fp                                                cstackCOMRAM 000012
pad@i                                                 cstackCOMRAM 000019
pad@p                                                 cstackCOMRAM 000016
pad@w                                                 cstackCOMRAM 00001B
putch@c                                               cstackCOMRAM 000001
sprintf@ap                                            cstackBANK0  0000E5
sprintf@f                                             cstackBANK0  0000E7
sprintf@fmt                                           cstackBANK0  0000DF
sprintf@s                                             cstackBANK0  0000DD
stackhi                                               (abs)        000000
stacklo                                               (abs)        000000
start                                                 init         00003C
start_initialization                                  cinit        0052E0
strcpy@d                                              cstackCOMRAM 000007
strcpy@dest                                           cstackCOMRAM 000001
strcpy@s                                              cstackCOMRAM 000005
strcpy@src                                            cstackCOMRAM 000003
ttemp5                                                temp         000060
ttemp6                                                temp         000063
ttemp7                                                temp         000067
utoa@d                                                cstackCOMRAM 00001F
utoa@fp                                               cstackCOMRAM 00001D
utoa@i                                                cstackCOMRAM 00003B
utoa@n                                                cstackCOMRAM 000033
utoa@p                                                cstackCOMRAM 00002F
utoa@w                                                cstackCOMRAM 000031
vfpfcnvrt@ap                                          cstackBANK0  0000C2
vfpfcnvrt@c                                           cstackBANK0  0000D2
vfpfcnvrt@convarg                                     cstackBANK0  0000CA
vfpfcnvrt@cp                                          cstackBANK0  0000D3
vfpfcnvrt@done                                        cstackBANK0  0000C8
vfpfcnvrt@fmt                                         cstackBANK0  0000C0
vfpfcnvrt@fp                                          cstackBANK0  0000BE
vfprintf@ap                                           cstackBANK0  0000D9
vfprintf@cfmt                                         cstackBANK0  0000DB
vfprintf@fmt                                          cstackBANK0  0000D7
vfprintf@fp                                           cstackBANK0  0000D5
wtemp8                                                temp         000060


MODULE INFORMATION

Module		Function		Class		Link	Load	Size
C:\Program Files\Microchip\xc8\v2.40\pic\sources\c99\common\sprcmul.c
		___flmul       		CODE           	3176	0000	1066

C:\Program Files\Microchip\xc8\v2.40\pic\sources\c99\common\sprcmul.c estimated size: 1066

C:\Program Files\Microchip\xc8\v2.40\pic\sources\c99\common\nf_fputc.c
		_fputc         		CODE           	4EB0	0000	202

C:\Program Files\Microchip\xc8\v2.40\pic\sources\c99\common\nf_fputc.c estimated size: 202

C:\Program Files\Microchip\xc8\v2.40\pic\sources\c99\common\sprcdiv.c
		___fldiv       		CODE           	35A0	0000	924

C:\Program Files\Microchip\xc8\v2.40\pic\sources\c99\common\sprcdiv.c estimated size: 924

C:\Program Files\Microchip\xc8\v2.40\pic\sources\c99\common\nf_sprintf.c
		_sprintf       		CODE           	5E7A	0000	82

C:\Program Files\Microchip\xc8\v2.40\pic\sources\c99\common\nf_sprintf.c estimated size: 82

C:\Program Files\Microchip\xc8\v2.40\pic\sources\c99\common\memcpy.c
		_memcpy        		CODE           	5F6E	0000	80

C:\Program Files\Microchip\xc8\v2.40\pic\sources\c99\common\memcpy.c estimated size: 80

C:\Program Files\Microchip\xc8\v2.40\pic\sources\c99\common\fltol.c
		___fltol       		CODE           	4916	0000	262

C:\Program Files\Microchip\xc8\v2.40\pic\sources\c99\common\fltol.c estimated size: 262

C:\Program Files\Microchip\xc8\v2.40\pic\sources\c99\common\isspace.c
		_isspace       		CODE           	6006	0000	70

C:\Program Files\Microchip\xc8\v2.40\pic\sources\c99\common\isspace.c estimated size: 70

C:\Program Files\Microchip\xc8\v2.40\pic\sources\c99\common\atoi.c
		_atoi          		CODE           	46B2	0000	330

C:\Program Files\Microchip\xc8\v2.40\pic\sources\c99\common\atoi.c estimated size: 330

C:\Program Files\Microchip\xc8\v2.40\pic\sources\c99\common\Umul16.c
		___wmul        		CODE           	6220	0000	38

C:\Program Files\Microchip\xc8\v2.40\pic\sources\c99\common\Umul16.c estimated size: 38

C:\Program Files\Microchip\xc8\v2.40\pic\sources\c99\common\fleq.c
		___fleq        		CODE           	50EC	0000	170

C:\Program Files\Microchip\xc8\v2.40\pic\sources\c99\common\fleq.c estimated size: 170

C:\Program Files\Microchip\xc8\v2.40\pic\sources\c99\common\__lldiv.c
		___lldiv       		CODE           	523C	0000	164

C:\Program Files\Microchip\xc8\v2.40\pic\sources\c99\common\__lldiv.c estimated size: 164

C:\Program Files\Microchip\xc8\v2.40\pic\sources\c99\common\__fpclassifyf.c
		___fpclassifyf 		CODE           	4B20	0000	254

C:\Program Files\Microchip\xc8\v2.40\pic\sources\c99\common\__fpclassifyf.c estimated size: 254

lib_pic/adc.c
		_ADC_Disable   		CODE           	6416	0000	4
		_ADC_GetConversion		CODE           	5F1E	0000	80
		_ADC_StateConversion		CODE           	6316	0000	20
		_ADC_StartConversion		CODE           	640E	0000	4
		_ADC_Enable    		CODE           	6412	0000	4
		_ADC_Init      		CODE           	62CE	0000	28

lib_pic/adc.c estimated size: 140

C:\Program Files\Microchip\xc8\v2.40\pic\sources\c99\common\isdigit.c
		_isdigit       		CODE           	61F4	0000	44

C:\Program Files\Microchip\xc8\v2.40\pic\sources\c99\common\isdigit.c estimated size: 44

lib_pic/Control_temperatura_difuso.c
		_OP_operador_Defuz		CODE           	393C	0000	578
		_TP_salida_sZ_center		CODE           	63AA	0000	18
		_TP_error_eNG_equal		CODE           	56A0	0000	136
		_TP_error_ePG_equal		CODE           	5508	0000	136
		_TP_error_eNM_equal		CODE           	5618	0000	136
		_TP_error_ePM_equal		CODE           	5480	0000	136
		_TP_error_eNP_equal		CODE           	5590	0000	136
		_TP_error_ePP_equal		CODE           	53F8	0000	136
		_TP_CambioError_ceNM_equal		CODE           	59D0	0000	136
		_OP_operador_And		CODE           	5E22	0000	88
		_TP_CambioError_cePM_equal		CODE           	5838	0000	136
		_TP_CambioError_ceNP_equal		CODE           	5948	0000	136
		_TP_CambioError_cePP_equal		CODE           	57B0	0000	136
		_TP_CambioError_ceZ_equal		CODE           	5728	0000	136
		_RL_reglas_controlador		CODE           	0040	0000	5582
		_TP_salida_sNG_center		CODE           	6398	0000	18
		_TP_salida_sPG_center		CODE           	633E	0000	18
		_TP_salida_sNM_center		CODE           	6386	0000	18
		_TP_salida_sPM_center		CODE           	6350	0000	18
		_TP_salida_sNP_center		CODE           	6374	0000	18
		_TP_salida_sPP_center		CODE           	6362	0000	18
		_MF_xfsg_triangle_equal		CODE           	4180	0000	492
		_TP_error_eZ_equal		CODE           	5370	0000	136
		_TP_CambioError_ceNG_equal		CODE           	5A58	0000	136
		_OP_operador_Or		CODE           	5DCA	0000	88
		_Control_temperatura_difusoInferenceEngine		CODE           	5FBE	0000	72
		_TP_CambioError_cePG_equal		CODE           	58C0	0000	136

lib_pic/Control_temperatura_difuso.c estimated size: 8930

C:\Program Files\Microchip\xc8\v2.40\pic\sources\c99\common\sprcadd.c
		___flsub       		CODE           	604C	0000	70
		___fladd       		CODE           	2CB6	0000	1216

C:\Program Files\Microchip\xc8\v2.40\pic\sources\c99\common\sprcadd.c estimated size: 1286

C:\Program Files\Microchip\xc8\v2.40\pic\sources\c99\common\floorf.c
		_floorf        		CODE           	3B7E	0000	534

C:\Program Files\Microchip\xc8\v2.40\pic\sources\c99\common\floorf.c estimated size: 534

C:\Program Files\Microchip\xc8\v2.40\pic\sources\c99\common\Umul32.c
		___lmul        		CODE           	5BDA	0000	106

C:\Program Files\Microchip\xc8\v2.40\pic\sources\c99\common\Umul32.c estimated size: 106

C:\Program Files\Microchip\xc8\v2.40\pic\sources\c99\common\flneg.c
		___flneg       		CODE           	6154	0000	56

C:\Program Files\Microchip\xc8\v2.40\pic\sources\c99\common\flneg.c estimated size: 56

lib_pic/keypad_4x4.c
		_Key_Enable_Filas		CODE           	5D10	0000	94
		_Key_Init      		CODE           	63E8	0000	14
		_Key_Scan_Columnas		CODE           	4F7A	0000	196
		_Key_Read      		CODE           	3F90	0000	496

lib_pic/keypad_4x4.c estimated size: 800

C:\Program Files\Microchip\xc8\v2.40\pic\sources\c99\common\labs.c
		_labs          		CODE           	5C44	0000	102

C:\Program Files\Microchip\xc8\v2.40\pic\sources\c99\common\labs.c estimated size: 102

C:\Program Files\Microchip\xc8\v2.40\pic\sources\c99\common\xxtofl.c
		___xxtofl      		CODE           	436C	0000	436

C:\Program Files\Microchip\xc8\v2.40\pic\sources\c99\common\xxtofl.c estimated size: 436

C:\Program Files\Microchip\xc8\v2.40\pic\sources\c99\common\atol.c
		_atol          		CODE           	4520	0000	402

C:\Program Files\Microchip\xc8\v2.40\pic\sources\c99\common\atol.c estimated size: 402

C:\Program Files\Microchip\xc8\v2.40\pic\sources\c99\common\nf_fputs.c
		_fputs         		CODE           	6092	0000	68

C:\Program Files\Microchip\xc8\v2.40\pic\sources\c99\common\nf_fputs.c estimated size: 68

lib_pic/config_mcu.c
		_OSCILADOR_Init		CODE           	63DA	0000	14

lib_pic/config_mcu.c estimated size: 14

C:\Program Files\Microchip\xc8\v2.40\pic\sources\c99\common\lomod.c
		___lomod       		CODE           	4DE0	0000	208

C:\Program Files\Microchip\xc8\v2.40\pic\sources\c99\common\lomod.c estimated size: 208

shared
		__initialization		CODE           	52E0	0000	130

shared estimated size: 130

lib_pic/lcd.c
		_Lcd_Write_String		CODE           	5AE0	0000	126
		_Lcd_Init      		CODE           	5B5E	0000	124
		_Lcd_Write_Char		CODE           	618C	0000	56
		_Lcd_Cmd       		CODE           	62AE	0000	32
		_Lcd_Set_Cursor		CODE           	4D0E	0000	210
		_Lcd_Clear     		CODE           	63CC	0000	14
		_Lcd_Port      		CODE           	5D6E	0000	92

lib_pic/lcd.c estimated size: 654

C:\Program Files\Microchip\xc8\v2.40\pic\sources\c99\common\strcpy.c
		_strcpy        		CODE           	60D6	0000	64

C:\Program Files\Microchip\xc8\v2.40\pic\sources\c99\common\strcpy.c estimated size: 64

C:\Program Files\Microchip\xc8\v2.40\pic\sources\c99\common\flge.c
		___flge        		CODE           	4A1C	0000	260

C:\Program Files\Microchip\xc8\v2.40\pic\sources\c99\common\flge.c estimated size: 260

lib_pic/eusart.c
		_putch         		CODE           	62EA	0000	22
		_EUSART_WriteChar		CODE           	6300	0000	22
		_EUSART_SerialBegin		CODE           	5CAA	0000	102
		_EUSART_WriteString		CODE           	61C4	0000	48

lib_pic/eusart.c estimated size: 194

C:\Program Files\Microchip\xc8\v2.40\pic\sources\c99\common\doprnt.c
		_vfpfcnvrt     		CODE           	276A	0000	1356
		_efgtoa        		CODE           	160E	0000	2666
		_pad           		CODE           	503E	0000	174
		_vfprintf      		CODE           	5ECC	0000	82
		_utoa          		CODE           	3D94	0000	508

C:\Program Files\Microchip\xc8\v2.40\pic\sources\c99\common\doprnt.c estimated size: 4786

C:\Program Files\Microchip\xc8\v2.40\pic\sources\c99\common\lodiv.c
		___lodiv       		CODE           	4C1E	0000	240

C:\Program Files\Microchip\xc8\v2.40\pic\sources\c99\common\lodiv.c estimated size: 240

mainControladorTemperatura.c
		_INTERRUPT_Init		CODE           	6406	0000	8
		_InterruptHighPriority		CODE           	0008	0000	52
		_TIMER0_Interrupt_Init		CODE           	63FE	0000	8
		_main          		CODE           	2078	0000	1778
		_PORT_Init     		CODE           	628E	0000	32
		_Tomar_muestra_temperatura		CODE           	47FC	0000	282
		_CCPR2_ModoPWM_Init		CODE           	632A	0000	20
		_TIMER2_ModoPWM_Init		CODE           	63BC	0000	16
		_LCD_imprimir_Datos		CODE           	5196	0000	166
		_Hardware_Init 		CODE           	6116	0000	62
		_TIMER0_ModoTemporizador_Init		CODE           	626A	0000	36

mainControladorTemperatura.c estimated size: 2460

