Microchip MPLAB XC8 Compiler V2.40

Linker command line:

-W-3 \
  --edf=C:\Program Files\Microchip\xc8\v2.40\pic\dat\20220703182018_en.msgs \
  -cn -h+dist/default/production\ControladorVelocidad.X.production.sym \
  --cmf=dist/default/production\ControladorVelocidad.X.production.cmf -z \
  -Q18F45K50 -oC:\Users\ADMIN\AppData\Local\Temp\xcAsjjg.4 \
  --defsym=__MPLAB_BUILD=1 --fixupoverflow=error \
  -Mdist/default/production/ControladorVelocidad.X.production.map \
  --md=C:\Users\ADMIN\AppData\Local\Temp\xcAsjjg.dat -E1 -ver=XC8 Compiler \
  --acfsm=1493 -ACODE=00h-07FFFh -ACONST=00h-07FFFh \
  -ASMALLCONST=0800h-08FFhx120 -AMEDIUMCONST=0800h-07FFFh -ACOMRAM=01h-05Fh \
  -AABS1=00h-07FFh -ABIGRAM=01h-07FFh -ARAM=060h-0FFh,0100h-01FFhx7 \
  -ABANK0=060h-0FFh -ABANK1=0100h-01FFh -ABANK2=0200h-02FFh \
  -ABANK3=0300h-03FFh -ABANK4=0400h-04FFh -ABANK5=0500h-05FFh \
  -ABANK6=0600h-06FFh -ABANK7=0700h-07FFh -ASFR=0F53h-0F5Fh,0F60h-0FFFh \
  -ABIGSFR=0F53h-0FFFh -ACONFIG=0300000h-030000Dh -AIDLOC=0200000h-0200007h \
  -AEEDATA=0F00000h-0F000FFh -peeprom_data=EEDATA \
  -preset_vec=00h,intcode=08h,intcodelo,powerup,init -pramtop=0800h \
  -psmallconst=SMALLCONST -pmediumconst=MEDIUMCONST -pconst=CONST \
  -AFARRAM=00h-00h \
  -prdata=COMRAM,nvrram=COMRAM,nvbit=COMRAM,rbss=COMRAM,rbit=COMRAM \
  -pfarbss=FARRAM,fardata=FARRAM,nvFARRAM=FARRAM \
  -pintsave_regs=BIGRAM,bigbss=BIGRAM,bigdata=BIGRAM -pbss=RAM \
  -pidata=CODE,irdata=CODE,ibigdata=CODE,ifardata=CODE -prparam=COMRAM \
  C:\Users\ADMIN\AppData\Local\Temp\xcAsjjg.o \
  dist/default/production\ControladorVelocidad.X.production.o 

Object code version is 3.11

Machine type is 18F45K50



                Name                               Link     Load   Length Selector   Space Scale
C:\Users\ADMIN\AppData\Local\Temp\xcAsjjg.o
                idloc                            200000   200000        8        0       5
                config                           300000   300000        E        0       4
                init                                 58       58        4        4       0
                reset_vec                             0        0        4        0       0
dist/default/production\ControladorVelocidad.X.production.o
                intcode                               8        8       50        4       0
                idloc                            200000   200000        8        0       5
                config                           300000   300000        E        0       4
                temp                                 5F       5F        1        1       1
                mediumconst                        7ED2     7ED2      12E     3F69       0
                text86                             624A     624A        4        4       0
                text85                             6246     6246        4        4       0
                text83                             48FE     48FE      104        4       0
                text82                             5CD0     5CD0       58        4       0
                text81                             61EA     61EA       12        4       0
                text80                             61D8     61D8       12        4       0
                text79                             61C6     61C6       12        4       0
                text78                             61B4     61B4       12        4       0
                text77                             61A2     61A2       12        4       0
                text76                             6190     6190       12        4       0
                text75                             617E     617E       12        4       0
                text74                             2CB8     2CB8      4C0        4       0
                text73                             35A2     35A2      39A        4       0
                text72                             4FCE     4FCE       AA        4       0
                text71                             3178     3178      42A        4       0
                text70                             393C     393C      240        4       0
                text69                             5C78     5C78       58        4       0
                text68                             5EAA     5EAA       46        4       0
                text67                             417E     417E      1EA        4       0
                text66                             58A2     58A2       88        4       0
                text65                             581A     581A       88        4       0
                text64                             5792     5792       88        4       0
                text63                             570A     570A       88        4       0
                text62                             5682     5682       88        4       0
                text61                             55FA     55FA       88        4       0
                text60                             5572     5572       88        4       0
                text59                             54EA     54EA       88        4       0
                text58                             5462     5462       88        4       0
                text57                             53DA     53DA       88        4       0
                text56                             5352     5352       88        4       0
                text55                             52CA     52CA       88        4       0
                text54                             5242     5242       88        4       0
                text53                             51BA     51BA       88        4       0
                text52                               5C       5C     15AA        4       0
                text51                             5E1C     5E1C       48        4       0
                text50                             6140     6140       16        4       0
                text49                             6022     6022       30        4       0
                text48                             616A     616A       14        4       0
                text47                             5078     5078       A4        4       0
                text46                             5AF4     5AF4       66        4       0
                text45                             623E     623E        8        4       0
                text44                             6228     6228        E        4       0
                text43                             5C1C     5C1C       5C        4       0
                text42                             610A     610A       20        4       0
                text41                             59A8     59A8       7C        4       0
                text40                             621A     621A        E        4       0
                text39                             60C8     60C8       22        4       0
                text38                             6236     6236        8        4       0
                text37                             60A4     60A4       24        4       0
                text36                             60EA     60EA       20        4       0
                text35                             61FC     61FC       10        4       0
                text34                             5F74     5F74       3E        4       0
                text33                             5BBE     5BBE       5E        4       0
                text32                             4E5C     4E5C       C4        4       0
                text31                             3F8E     3F8E      1F0        4       0
                text30                             4BF0     4BF0       D2        4       0
                text29                             5FEA     5FEA       38        4       0
                text28                             592A     592A       7E        4       0
                text27                             607E     607E       26        4       0
                text26                             6052     6052       2C        4       0
                text25                             5E64     5E64       46        4       0
                text24                             46AE     46AE      14A        4       0
                text23                             5FB2     5FB2       38        4       0
                text22                             47F8     47F8      106        4       0
                text21                             4A02     4A02       FE        4       0
                text20                             3B7C     3B7C      216        4       0
                text19                             5A8E     5A8E       66        4       0
                text18                             5DCC     5DCC       50        4       0
                text17                             612A     612A       16        4       0
                text16                             4D92     4D92       CA        4       0
                text15                             5EF0     5EF0       44        4       0
                text14                             4F20     4F20       AE        4       0
                text13                             5F34     5F34       40        4       0
                text12                             1606     1606      A64        4       0
                text11                             4B00     4B00       F0        4       0
                text10                             4CC2     4CC2       D0        4       0
                text9                              3D92     3D92      1FC        4       0
                text8                              276A     276A      54E        4       0
                text7                              5D7A     5D7A       52        4       0
                text6                              5D28     5D28       52        4       0
                text5                              511C     511C       9E        4       0
                text4                              620C     620C        E        4       0
                text3                              4368     4368      1B4        4       0
                text2                              5A24     5A24       6A        4       0
                text1                              451C     451C      192        4       0
                text0                              206A     206A      700        4       0
                cstackCOMRAM                          1        1       5E        1       1
                cstackBANK0                          60       60       6F       60       1
                cstackBANK1                         100      100       CC      100       1
                bssBANK2                            200      200       A0      200       1
                dataBANK1                           1E4      1E4       14      100       1
                bssBANK1                            1CC      1CC       18      100       1
                dataBANK0                            FD       FD        1       60       1
                bssBANK0                             CF       CF       2E       60       1
                cinit                              5B5A     5B5A       64        4       0
                idataBANK1                         6156     6156       14        4       0
                idataBANK0                         624E     624E        1        4       0

TOTAL           Name                               Link     Load   Length     Space
        CLASS   CODE           
                intcode                               8        8       50         0
                init                                 58       58        4         0
                reset_vec                             0        0        4         0
                text86                             624A     624A        4         0
                text85                             6246     6246        4         0
                text83                             48FE     48FE      104         0
                text82                             5CD0     5CD0       58         0
                text81                             61EA     61EA       12         0
                text80                             61D8     61D8       12         0
                text79                             61C6     61C6       12         0
                text78                             61B4     61B4       12         0
                text77                             61A2     61A2       12         0
                text76                             6190     6190       12         0
                text75                             617E     617E       12         0
                text74                             2CB8     2CB8      4C0         0
                text73                             35A2     35A2      39A         0
                text72                             4FCE     4FCE       AA         0
                text71                             3178     3178      42A         0
                text70                             393C     393C      240         0
                text69                             5C78     5C78       58         0
                text68                             5EAA     5EAA       46         0
                text67                             417E     417E      1EA         0
                text66                             58A2     58A2       88         0
                text65                             581A     581A       88         0
                text64                             5792     5792       88         0
                text63                             570A     570A       88         0
                text62                             5682     5682       88         0
                text61                             55FA     55FA       88         0
                text60                             5572     5572       88         0
                text59                             54EA     54EA       88         0
                text58                             5462     5462       88         0
                text57                             53DA     53DA       88         0
                text56                             5352     5352       88         0
                text55                             52CA     52CA       88         0
                text54                             5242     5242       88         0
                text53                             51BA     51BA       88         0
                text52                               5C       5C     15AA         0
                text51                             5E1C     5E1C       48         0
                text50                             6140     6140       16         0
                text49                             6022     6022       30         0
                text48                             616A     616A       14         0
                text47                             5078     5078       A4         0
                text46                             5AF4     5AF4       66         0
                text45                             623E     623E        8         0
                text44                             6228     6228        E         0
                text43                             5C1C     5C1C       5C         0
                text42                             610A     610A       20         0
                text41                             59A8     59A8       7C         0
                text40                             621A     621A        E         0
                text39                             60C8     60C8       22         0
                text38                             6236     6236        8         0
                text37                             60A4     60A4       24         0
                text36                             60EA     60EA       20         0
                text35                             61FC     61FC       10         0
                text34                             5F74     5F74       3E         0
                text33                             5BBE     5BBE       5E         0
                text32                             4E5C     4E5C       C4         0
                text31                             3F8E     3F8E      1F0         0
                text30                             4BF0     4BF0       D2         0
                text29                             5FEA     5FEA       38         0
                text28                             592A     592A       7E         0
                text27                             607E     607E       26         0
                text26                             6052     6052       2C         0
                text25                             5E64     5E64       46         0
                text24                             46AE     46AE      14A         0
                text23                             5FB2     5FB2       38         0
                text22                             47F8     47F8      106         0
                text21                             4A02     4A02       FE         0
                text20                             3B7C     3B7C      216         0
                text19                             5A8E     5A8E       66         0
                text18                             5DCC     5DCC       50         0
                text17                             612A     612A       16         0
                text16                             4D92     4D92       CA         0
                text15                             5EF0     5EF0       44         0
                text14                             4F20     4F20       AE         0
                text13                             5F34     5F34       40         0
                text12                             1606     1606      A64         0
                text11                             4B00     4B00       F0         0
                text10                             4CC2     4CC2       D0         0
                text9                              3D92     3D92      1FC         0
                text8                              276A     276A      54E         0
                text7                              5D7A     5D7A       52         0
                text6                              5D28     5D28       52         0
                text5                              511C     511C       9E         0
                text4                              620C     620C        E         0
                text3                              4368     4368      1B4         0
                text2                              5A24     5A24       6A         0
                text1                              451C     451C      192         0
                text0                              206A     206A      700         0
                cinit                              5B5A     5B5A       64         0
                idataBANK1                         6156     6156       14         0
                idataBANK0                         624E     624E        1         0

        CLASS   CONST          

        CLASS   SMALLCONST     

        CLASS   MEDIUMCONST    
                mediumconst                        7ED2     7ED2      12E         0

        CLASS   COMRAM         
                temp                                 5F       5F        1         1
                cstackCOMRAM                          1        1       5E         1

        CLASS   ABS1           

        CLASS   BIGRAM         

        CLASS   RAM            

        CLASS   BANK0          
                cstackBANK0                          60       60       6F         1
                dataBANK0                            FD       FD        1         1
                bssBANK0                             CF       CF       2E         1

        CLASS   BANK1          
                cstackBANK1                         100      100       CC         1
                dataBANK1                           1E4      1E4       14         1
                bssBANK1                            1CC      1CC       18         1

        CLASS   BANK2          
                bssBANK2                            200      200       A0         1

        CLASS   BANK3          

        CLASS   BANK4          

        CLASS   BANK5          

        CLASS   BANK6          

        CLASS   BANK7          

        CLASS   SFR            

        CLASS   BIGSFR         

        CLASS   CONFIG         
                config                           300000   300000        E         4

        CLASS   IDLOC          
                idloc                            200000   200000        8         5

        CLASS   EEDATA         

        CLASS   FARRAM         

        CLASS   HEAP           

        CLASS   STACK          



SEGMENTS        Name                           Load    Length   Top    Selector   Space  Class

                reset_vec                      000000  000004  000004         0       0  CODE    
                cstackCOMRAM                   000001  00005F  000060         1       1  COMRAM  
                intcode                        000008  006247  00624F         4       0  CODE    
                cstackBANK0                    000060  00009E  0000FE        60       1  BANK0   
                cstackBANK1                    000100  0000F8  0001F8       100       1  BANK1   
                bssBANK2                       000200  0000A0  0002A0       200       1  BANK2   
                mediumconst                    007ED2  00012E  008000      3F69       0  MEDIUMCO


UNUSED ADDRESS RANGES

        Name                Unused          Largest block    Delta
        BANK0            0000FE-0000FF                2
        BANK1            0001F8-0001FF                8
        BANK2            0002A0-0002FF               60
        BANK3            000300-0003FF              100
        BANK4            000400-0004FF              100
        BANK5            000500-0005FF              100
        BANK6            000600-0006FF              100
        BANK7            000700-0007FF              100
        BIGRAM           0000FE-0000FF                2
                         0001F8-0001FF                8
                         0002A0-0007FF              560
        BIGSFR           000F53-000FFF               AD
        CODE             000004-000007                4
                         00624F-007ED1             1C83
        CONST            000004-000007                4
                         00624F-007ED1             1C83
        EEDATA           F00000-F000FF              100
        MEDIUMCONST      00624F-007ED1             1C83
        RAM              0000FE-0000FF                2
                         0001F8-0001FF                8
                         0002A0-0007FF              100
        SFR              000F53-000FFF                D
        SMALLCONST       00624F-007ED1              100

                                  Symbol Table

?_MF_xfsg_triangle_equal                            cstackBANK0  000060
?_OP_operador_And                                   cstackCOMRAM 00002A
?_OP_operador_Defuz                                 cstackBANK0  000060
?_OP_operador_Or                                    cstackCOMRAM 000032
?_TP_CambioError_ceNG_equal                         cstackBANK0  00007C
?_TP_CambioError_ceNM_equal                         cstackBANK0  00007C
?_TP_CambioError_ceNP_equal                         cstackBANK0  00007C
?_TP_CambioError_cePG_equal                         cstackBANK0  00007C
?_TP_CambioError_cePM_equal                         cstackBANK0  00007C
?_TP_CambioError_cePP_equal                         cstackBANK0  00007C
?_TP_CambioError_ceZ_equal                          cstackBANK0  00007C
?_TP_error_eNG_equal                                cstackBANK0  00007C
?_TP_error_eNM_equal                                cstackBANK0  00007C
?_TP_error_eNP_equal                                cstackBANK0  00007C
?_TP_error_ePG_equal                                cstackBANK0  00007C
?_TP_error_ePM_equal                                cstackBANK0  00007C
?_TP_error_ePP_equal                                cstackBANK0  00007C
?_TP_error_eZ_equal                                 cstackBANK0  00007C
?_TP_salida_sNG_center                              cstackCOMRAM 000001
?_TP_salida_sNM_center                              cstackCOMRAM 000001
?_TP_salida_sNP_center                              cstackCOMRAM 000001
?_TP_salida_sPG_center                              cstackCOMRAM 000001
?_TP_salida_sPM_center                              cstackCOMRAM 000001
?_TP_salida_sPP_center                              cstackCOMRAM 000001
?_TP_salida_sZ_center                               cstackCOMRAM 000001
?___fladd                                           cstackCOMRAM 00001E
?___fldiv                                           cstackCOMRAM 000036
?___flmul                                           cstackCOMRAM 000005
?___flneg                                           cstackCOMRAM 000001
?___flsub                                           cstackCOMRAM 00002E
?___fltol                                           cstackCOMRAM 000001
?___fpclassifyf                                     cstackCOMRAM 000001
?___lldiv                                           cstackCOMRAM 000001
?___lmul                                            cstackCOMRAM 000001
?___lodiv                                           cstackCOMRAM 000001
?___lomod                                           cstackCOMRAM 000001
?___wmul                                            cstackCOMRAM 000001
?___xxtofl                                          cstackCOMRAM 00001C
?_atoi                                              cstackCOMRAM 000007
?_atol                                              cstackCOMRAM 00000D
?_floorf                                            cstackCOMRAM 00004F
?_isdigit                                           cstackCOMRAM 000001
?_isspace                                           cstackCOMRAM 000001
?_labs                                              cstackCOMRAM 000001
?_sprintf                                           cstackBANK0  0000B8
?_vfprintf                                          cstackBANK0  0000B0
Control_velocidad_difusoInferenceEngine@CambioError cstackBANK0  00009A
Control_velocidad_difusoInferenceEngine@Salida      cstackCOMRAM 000055
Control_velocidad_difusoInferenceEngine@_d_Salida   cstackBANK0  00009E
Control_velocidad_difusoInferenceEngine@error       cstackBANK0  000096
EUSART_SerialBegin@baudios                          cstackCOMRAM 00000E
EUSART_SerialBegin@n                                cstackCOMRAM 000012
EUSART_WriteChar@data                               cstackCOMRAM 000001
EUSART_WriteString@ptrString                        cstackCOMRAM 000002
Key_Enable_Filas@fila                               cstackCOMRAM 000003
Key_Read@key                                        cstackCOMRAM 000006
Key_Read@value_column                               cstackCOMRAM 000007
Lcd_Cmd@a                                           cstackCOMRAM 000003
Lcd_Port@a                                          cstackCOMRAM 000001
Lcd_Set_Cursor@a                                    cstackCOMRAM 000005
Lcd_Set_Cursor@b                                    cstackCOMRAM 000004
Lcd_Set_Cursor@temp                                 cstackCOMRAM 000008
Lcd_Set_Cursor@y                                    cstackCOMRAM 000007
Lcd_Set_Cursor@z                                    cstackCOMRAM 000006
Lcd_Write_Char@a                                    cstackCOMRAM 000004
Lcd_Write_Char@temp                                 cstackCOMRAM 000002
Lcd_Write_Char@y                                    cstackCOMRAM 000003
Lcd_Write_String@a                                  cstackCOMRAM 000005
Lcd_Write_String@i                                  cstackCOMRAM 000009
MF_xfsg_triangle_equal@a                            cstackBANK0  000070
MF_xfsg_triangle_equal@b                            cstackBANK0  000074
MF_xfsg_triangle_equal@c                            cstackBANK0  000078
MF_xfsg_triangle_equal@max                          cstackBANK0  000068
MF_xfsg_triangle_equal@min                          cstackBANK0  000064
MF_xfsg_triangle_equal@step                         cstackBANK0  00006C
MF_xfsg_triangle_equal@x                            cstackBANK0  000060
OP_operador_And@a                                   cstackCOMRAM 00002A
OP_operador_And@b                                   cstackCOMRAM 00002E
OP_operador_Defuz@denom                             cstackBANK0  000086
OP_operador_Defuz@i                                 cstackBANK0  00008A
OP_operador_Defuz@max                               cstackBANK0  00007E
OP_operador_Defuz@mf                                cstackBANK0  000060
OP_operador_Defuz@min                               cstackBANK0  00007A
OP_operador_Defuz@num                               cstackBANK0  000082
OP_operador_Or@a                                    cstackCOMRAM 000032
OP_operador_Or@b                                    cstackCOMRAM 000036
RL_reglas_controlador@CambioError                   cstackBANK0  000090
RL_reglas_controlador@Salida                        cstackBANK0  000094
RL_reglas_controlador@_CambioError_eq               cstackBANK1  0001AE
RL_reglas_controlador@_Salida                       cstackBANK1  000168
RL_reglas_controlador@_Salida_conc                  cstackBANK1  000128
RL_reglas_controlador@_Salida_degree                cstackBANK1  000100
RL_reglas_controlador@_Salida_i                     cstackBANK1  0001CA
RL_reglas_controlador@_error_eq                     cstackBANK1  000192
RL_reglas_controlador@_rl                           cstackBANK1  000182
RL_reglas_controlador@error                         cstackBANK0  00008C
TP_CambioError_ceNG_equal@x                         cstackBANK0  00007C
TP_CambioError_ceNM_equal@x                         cstackBANK0  00007C
TP_CambioError_ceNP_equal@x                         cstackBANK0  00007C
TP_CambioError_cePG_equal@x                         cstackBANK0  00007C
TP_CambioError_cePM_equal@x                         cstackBANK0  00007C
TP_CambioError_cePP_equal@x                         cstackBANK0  00007C
TP_CambioError_ceZ_equal@x                          cstackBANK0  00007C
TP_error_eNG_equal@x                                cstackBANK0  00007C
TP_error_eNM_equal@x                                cstackBANK0  00007C
TP_error_eNP_equal@x                                cstackBANK0  00007C
TP_error_ePG_equal@x                                cstackBANK0  00007C
TP_error_ePM_equal@x                                cstackBANK0  00007C
TP_error_ePP_equal@x                                cstackBANK0  00007C
TP_error_eZ_equal@x                                 cstackBANK0  00007C
_ANSELAbits                                         (abs)        000F5B
_ANSELB                                             (abs)        000F5C
_ANSELCbits                                         (abs)        000F5D
_ANSELD                                             (abs)        000F5E
_APPState                                           bssBANK0     0000F8
_BAUDCON1                                           (abs)        000FB8
_CCP2CONbits                                        (abs)        000F97
_CCPR2                                              (abs)        000F90
_CCPR2L                                             (abs)        000F90
_CCPR2_ModoPWM_Init                                 text48       00616A
_Cambio_error                                       bssBANK0     0000D7
_Control_velocidad_difusoInferenceEngine            text51       005E1C
_EUSART_SerialBegin                                 text46       005AF4
_EUSART_WriteChar                                   text50       006140
_EUSART_WriteString                                 text49       006022
_Hardware_Init                                      text34       005F74
_INTCON2bits                                        (abs)        000FF1
_INTCONbits                                         (abs)        000FF2
_INTERRUPT_Init                                     text45       00623E
_InterruptHighPriority                              intcode      000008
_Key_Enable_Filas                                   text33       005BBE
_Key_Init                                           text44       006228
_Key_Read                                           text31       003F8E
_Key_Scan_Columnas                                  text32       004E5C
_Keypad4x4                                          dataBANK1    0001E4
_LATB                                               (abs)        000F8A
_LATD                                               (abs)        000F8C
_LATDbits                                           (abs)        000F8C
_LCD_imprimir_Datos                                 text5        00511C
_Lcd_Clear                                          text4        00620C
_Lcd_Cmd                                            text42       00610A
_Lcd_Init                                           text41       0059A8
_Lcd_Port                                           text43       005C1C
_Lcd_Set_Cursor                                     text30       004BF0
_Lcd_Write_Char                                     text29       005FEA
_Lcd_Write_String                                   text28       00592A
_MF_xfsg_triangle_equal                             text67       00417E
_MF_xfsg_triangle_equal$496                         cstackCOMRAM 00004F
_OP_operador_And                                    text82       005CD0
_OP_operador_Defuz                                  text70       00393C
_OP_operador_Or                                     text69       005C78
_OSCCONbits                                         (abs)        000FD3
_OSCILADOR_Init                                     text40       00621A
_PIE1bits                                           (abs)        000F9D
_PIR1bits                                           (abs)        000F9E
_PORTB                                              (abs)        000F81
_PORT_Init                                          text39       0060C8
_PR2                                                (abs)        000FBB
_RCONbits                                           (abs)        000FD0
_RCREG1                                             (abs)        000FAE
_RCSTA1                                             (abs)        000FAB
_RCSTA1bits                                         (abs)        000FAB
_RL_reglas_controlador                              text52       00005C
_RL_reglas_controlador$2377                         cstackBANK1  000186
_RL_reglas_controlador$2378                         cstackBANK1  00018A
_RL_reglas_controlador$2379                         cstackBANK1  00018E
_RL_reglas_controlador$2380                         cstackBANK1  000164
_RL_reglas_controlador$2381                         cstackBANK1  000160
_RL_reglas_controlador$2382                         cstackBANK1  00011C
_RL_reglas_controlador$2383                         cstackBANK1  000120
_RL_reglas_controlador$2384                         cstackBANK1  000124
_RPM                                                bssBANK0     0000F1
_SP                                                 bssBANK1     0001D0
_SPBRG1                                             (abs)        000FAF
_SPBRGH1                                            (abs)        000FB0
_T0CONbits                                          (abs)        000FD5
_T1CONbits                                          (abs)        000FCD
_T2CONbits                                          (abs)        000FBA
_TIMER0_Interrupt_Init                              text38       006236
_TIMER0_ModoTemporizador_Init                       text37       0060A4
_TIMER1_ModoContador_Init                           text36       0060EA
_TIMER1_Start                                       text86       00624A
_TIMER1_Stop                                        text85       006246
_TIMER2_ModoPWM_Init                                text35       0061FC
_TMR0                                               (abs)        000FD6
_TMR1                                               (abs)        000FCE
_TMR2                                               (abs)        000FBC
_TP_CambioError_ceNG_equal                          text66       0058A2
_TP_CambioError_ceNM_equal                          text65       00581A
_TP_CambioError_ceNP_equal                          text64       005792
_TP_CambioError_cePG_equal                          text63       00570A
_TP_CambioError_cePM_equal                          text62       005682
_TP_CambioError_cePP_equal                          text61       0055FA
_TP_CambioError_ceZ_equal                           text60       005572
_TP_error_eNG_equal                                 text59       0054EA
_TP_error_eNM_equal                                 text58       005462
_TP_error_eNP_equal                                 text57       0053DA
_TP_error_ePG_equal                                 text56       005352
_TP_error_ePM_equal                                 text55       0052CA
_TP_error_ePP_equal                                 text54       005242
_TP_error_eZ_equal                                  text53       0051BA
_TP_salida_sNG_center                               text80       0061D8
_TP_salida_sNG_equal                                (abs)        000000
_TP_salida_sNM_center                               text79       0061C6
_TP_salida_sNM_equal                                (abs)        000000
_TP_salida_sNP_center                               text78       0061B4
_TP_salida_sNP_equal                                (abs)        000000
_TP_salida_sPG_center                               text75       00617E
_TP_salida_sPG_equal                                (abs)        000000
_TP_salida_sPM_center                               text76       006190
_TP_salida_sPM_equal                                (abs)        000000
_TP_salida_sPP_center                               text77       0061A2
_TP_salida_sPP_equal                                (abs)        000000
_TP_salida_sZ_center                                text81       0061EA
_TP_salida_sZ_equal                                 (abs)        000000
_TRISAbits                                          (abs)        000F92
_TRISB                                              (abs)        000F93
_TRISCbits                                          (abs)        000F94
_TRISD                                              (abs)        000F95
_TRISDbits                                          (abs)        000F95
_TXREG1                                             (abs)        000FAD
_TXSTA1                                             (abs)        000FAC
_TXSTA1bits                                         (abs)        000FAC
_WPUBbits                                           (abs)        000F85
__HRAM                                              (abs)        000000
__Habs1                                             abs1         000000
__Hbank0                                            bank0        000000
__Hbank1                                            bank1        000000
__Hbank2                                            bank2        000000
__Hbank3                                            bank3        000000
__Hbank4                                            bank4        000000
__Hbank5                                            bank5        000000
__Hbank6                                            bank6        000000
__Hbank7                                            bank7        000000
__Hbigbss                                           bigbss       000000
__Hbigdata                                          bigdata      000000
__Hbigram                                           bigram       000000
__Hbigsfr                                           bigsfr       000000
__Hbss                                              bss          000000
__HbssBANK0                                         bssBANK0     000000
__HbssBANK1                                         bssBANK1     000000
__HbssBANK2                                         bssBANK2     000000
__Hcinit                                            cinit        000000
__Hclrtext                                          clrtext      000000
__Hcomram                                           comram       000000
__Hconfig                                           config       30000E
__Hconst                                            const        000000
__HcstackBANK0                                      cstackBANK0  000000
__HcstackBANK1                                      cstackBANK1  000000
__HcstackCOMRAM                                     cstackCOMRAM 000000
__Hdata                                             data         000000
__HdataBANK0                                        dataBANK0    000000
__HdataBANK1                                        dataBANK1    000000
__Heeprom_data                                      eeprom_data  000000
__Hfarbss                                           farbss       000000
__Hfardata                                          fardata      000000
__Hheap                                             heap         000000
__Hibigdata                                         ibigdata     000000
__Hidata                                            idata        000000
__HidataBANK0                                       idataBANK0   000000
__HidataBANK1                                       idataBANK1   000000
__Hidloc                                            idloc        200008
__Hifardata                                         ifardata     000000
__Hinit                                             init         00005C
__Hintcode                                          intcode      000058
__Hintcode_body                                     intcode_body 000000
__Hintcodelo                                        intcodelo    000058
__Hintentry                                         intentry     000000
__Hintret                                           intret       000000
__Hintsave_regs                                     intsave_regs 000000
__Hirdata                                           irdata       000000
__Hmediumconst                                      mediumconst  008000
__HnvFARRAM                                         nvFARRAM     000000
__Hnvbit                                            nvbit        000000
__Hnvrram                                           nvrram       000000
__Hparam                                            rparam       000000
__Hpowerup                                          powerup      000058
__Hram                                              ram          000000
__Hramtop                                           ramtop       000800
__Hrbit                                             rbit         000000
__Hrbss                                             rbss         000000
__Hrdata                                            rdata        000000
__Hreset_vec                                        reset_vec    000004
__Hrparam                                           rparam       000000
__Hsfr                                              sfr          000000
__Hsmallconst                                       smallconst   000000
__Hspace_0                                          (abs)        008000
__Hspace_1                                          (abs)        0002A0
__Hspace_2                                          (abs)        000000
__Hspace_4                                          (abs)        60000E
__Hstack                                            stack        000000
__Hstruct                                           struct       000000
__Htemp                                             temp         000060
__Htext                                             text         000000
__Htext0                                            text0        000000
__Htext1                                            text1        000000
__Htext10                                           text10       000000
__Htext11                                           text11       000000
__Htext12                                           text12       000000
__Htext13                                           text13       000000
__Htext14                                           text14       000000
__Htext15                                           text15       000000
__Htext16                                           text16       000000
__Htext17                                           text17       000000
__Htext18                                           text18       000000
__Htext19                                           text19       000000
__Htext2                                            text2        000000
__Htext20                                           text20       000000
__Htext21                                           text21       000000
__Htext22                                           text22       000000
__Htext23                                           text23       000000
__Htext24                                           text24       000000
__Htext25                                           text25       000000
__Htext26                                           text26       000000
__Htext27                                           text27       000000
__Htext28                                           text28       000000
__Htext29                                           text29       000000
__Htext3                                            text3        000000
__Htext30                                           text30       000000
__Htext31                                           text31       000000
__Htext32                                           text32       000000
__Htext33                                           text33       000000
__Htext34                                           text34       000000
__Htext35                                           text35       000000
__Htext36                                           text36       000000
__Htext37                                           text37       000000
__Htext38                                           text38       000000
__Htext39                                           text39       000000
__Htext4                                            text4        000000
__Htext40                                           text40       000000
__Htext41                                           text41       000000
__Htext42                                           text42       000000
__Htext43                                           text43       000000
__Htext44                                           text44       000000
__Htext45                                           text45       000000
__Htext46                                           text46       000000
__Htext47                                           text47       000000
__Htext48                                           text48       000000
__Htext49                                           text49       000000
__Htext5                                            text5        000000
__Htext50                                           text50       000000
__Htext51                                           text51       000000
__Htext52                                           text52       000000
__Htext53                                           text53       000000
__Htext54                                           text54       000000
__Htext55                                           text55       000000
__Htext56                                           text56       000000
__Htext57                                           text57       000000
__Htext58                                           text58       000000
__Htext59                                           text59       000000
__Htext6                                            text6        000000
__Htext60                                           text60       000000
__Htext61                                           text61       000000
__Htext62                                           text62       000000
__Htext63                                           text63       000000
__Htext64                                           text64       000000
__Htext65                                           text65       000000
__Htext66                                           text66       000000
__Htext67                                           text67       000000
__Htext68                                           text68       000000
__Htext69                                           text69       000000
__Htext7                                            text7        000000
__Htext70                                           text70       000000
__Htext71                                           text71       000000
__Htext72                                           text72       000000
__Htext73                                           text73       000000
__Htext74                                           text74       000000
__Htext75                                           text75       000000
__Htext76                                           text76       000000
__Htext77                                           text77       000000
__Htext78                                           text78       000000
__Htext79                                           text79       000000
__Htext8                                            text8        000000
__Htext80                                           text80       000000
__Htext81                                           text81       000000
__Htext82                                           text82       000000
__Htext83                                           text83       000000
__Htext85                                           text85       000000
__Htext86                                           text86       000000
__Htext87                                           text87       000000
__Htext9                                            text9        000000
__LRAM                                              (abs)        000001
__Labs1                                             abs1         000000
__Lbank0                                            bank0        000000
__Lbank1                                            bank1        000000
__Lbank2                                            bank2        000000
__Lbank3                                            bank3        000000
__Lbank4                                            bank4        000000
__Lbank5                                            bank5        000000
__Lbank6                                            bank6        000000
__Lbank7                                            bank7        000000
__Lbigbss                                           bigbss       000000
__Lbigdata                                          bigdata      000000
__Lbigram                                           bigram       000000
__Lbigsfr                                           bigsfr       000000
__Lbss                                              bss          000000
__LbssBANK0                                         bssBANK0     000000
__LbssBANK1                                         bssBANK1     000000
__LbssBANK2                                         bssBANK2     000000
__Lcinit                                            cinit        000000
__Lclrtext                                          clrtext      000000
__Lcomram                                           comram       000000
__Lconfig                                           config       000000
__Lconst                                            const        000000
__LcstackBANK0                                      cstackBANK0  000000
__LcstackBANK1                                      cstackBANK1  000000
__LcstackCOMRAM                                     cstackCOMRAM 000000
__Ldata                                             data         000000
__LdataBANK0                                        dataBANK0    000000
__LdataBANK1                                        dataBANK1    000000
__Leeprom_data                                      eeprom_data  000000
__Lfarbss                                           farbss       000000
__Lfardata                                          fardata      000000
__Lheap                                             heap         000000
__Libigdata                                         ibigdata     000000
__Lidata                                            idata        000000
__LidataBANK0                                       idataBANK0   000000
__LidataBANK1                                       idataBANK1   000000
__Lidloc                                            idloc        000000
__Lifardata                                         ifardata     000000
__Linit                                             init         000058
__Lintcode                                          intcode      000008
__Lintcode_body                                     intcode_body 000000
__Lintcodelo                                        intcodelo    000058
__Lintentry                                         intentry     000000
__Lintret                                           intret       000000
__Lintsave_regs                                     intsave_regs 000000
__Lirdata                                           irdata       000000
__Lmediumconst                                      mediumconst  007ED2
__LnvFARRAM                                         nvFARRAM     000000
__Lnvbit                                            nvbit        000000
__Lnvrram                                           nvrram       000000
__Lparam                                            rparam       000000
__Lpowerup                                          powerup      000058
__Lram                                              ram          000000
__Lramtop                                           ramtop       000800
__Lrbit                                             rbit         000000
__Lrbss                                             rbss         000000
__Lrdata                                            rdata        000000
__Lreset_vec                                        reset_vec    000000
__Lrparam                                           rparam       000000
__Lsfr                                              sfr          000000
__Lsmallconst                                       smallconst   000000
__Lspace_0                                          (abs)        000000
__Lspace_1                                          (abs)        000000
__Lspace_2                                          (abs)        000000
__Lspace_4                                          (abs)        000000
__Lstack                                            stack        000000
__Lstruct                                           struct       000000
__Ltemp                                             temp         00005F
__Ltext                                             text         000000
__Ltext0                                            text0        000000
__Ltext1                                            text1        000000
__Ltext10                                           text10       000000
__Ltext11                                           text11       000000
__Ltext12                                           text12       000000
__Ltext13                                           text13       000000
__Ltext14                                           text14       000000
__Ltext15                                           text15       000000
__Ltext16                                           text16       000000
__Ltext17                                           text17       000000
__Ltext18                                           text18       000000
__Ltext19                                           text19       000000
__Ltext2                                            text2        000000
__Ltext20                                           text20       000000
__Ltext21                                           text21       000000
__Ltext22                                           text22       000000
__Ltext23                                           text23       000000
__Ltext24                                           text24       000000
__Ltext25                                           text25       000000
__Ltext26                                           text26       000000
__Ltext27                                           text27       000000
__Ltext28                                           text28       000000
__Ltext29                                           text29       000000
__Ltext3                                            text3        000000
__Ltext30                                           text30       000000
__Ltext31                                           text31       000000
__Ltext32                                           text32       000000
__Ltext33                                           text33       000000
__Ltext34                                           text34       000000
__Ltext35                                           text35       000000
__Ltext36                                           text36       000000
__Ltext37                                           text37       000000
__Ltext38                                           text38       000000
__Ltext39                                           text39       000000
__Ltext4                                            text4        000000
__Ltext40                                           text40       000000
__Ltext41                                           text41       000000
__Ltext42                                           text42       000000
__Ltext43                                           text43       000000
__Ltext44                                           text44       000000
__Ltext45                                           text45       000000
__Ltext46                                           text46       000000
__Ltext47                                           text47       000000
__Ltext48                                           text48       000000
__Ltext49                                           text49       000000
__Ltext5                                            text5        000000
__Ltext50                                           text50       000000
__Ltext51                                           text51       000000
__Ltext52                                           text52       000000
__Ltext53                                           text53       000000
__Ltext54                                           text54       000000
__Ltext55                                           text55       000000
__Ltext56                                           text56       000000
__Ltext57                                           text57       000000
__Ltext58                                           text58       000000
__Ltext59                                           text59       000000
__Ltext6                                            text6        000000
__Ltext60                                           text60       000000
__Ltext61                                           text61       000000
__Ltext62                                           text62       000000
__Ltext63                                           text63       000000
__Ltext64                                           text64       000000
__Ltext65                                           text65       000000
__Ltext66                                           text66       000000
__Ltext67                                           text67       000000
__Ltext68                                           text68       000000
__Ltext69                                           text69       000000
__Ltext7                                            text7        000000
__Ltext70                                           text70       000000
__Ltext71                                           text71       000000
__Ltext72                                           text72       000000
__Ltext73                                           text73       000000
__Ltext74                                           text74       000000
__Ltext75                                           text75       000000
__Ltext76                                           text76       000000
__Ltext77                                           text77       000000
__Ltext78                                           text78       000000
__Ltext79                                           text79       000000
__Ltext8                                            text8        000000
__Ltext80                                           text80       000000
__Ltext81                                           text81       000000
__Ltext82                                           text82       000000
__Ltext83                                           text83       000000
__Ltext85                                           text85       000000
__Ltext86                                           text86       000000
__Ltext87                                           text87       000000
__Ltext9                                            text9        000000
__S0                                                (abs)        008000
__S1                                                (abs)        0002A0
__S4                                                (abs)        000000
__S5                                                (abs)        000000
___fladd                                            text74       002CB8
___fladd@a                                          cstackCOMRAM 000022
___fladd@aexp                                       cstackCOMRAM 00002B
___fladd@b                                          cstackCOMRAM 00001E
___fladd@bexp                                       cstackCOMRAM 00002C
___fladd@grs                                        cstackCOMRAM 00002D
___fladd@signs                                      cstackCOMRAM 00002A
___fldiv                                            text73       0035A2
___fldiv@a                                          cstackCOMRAM 00003A
___fldiv@aexp                                       cstackCOMRAM 00004E
___fldiv@b                                          cstackCOMRAM 000036
___fldiv@bexp                                       cstackCOMRAM 00004D
___fldiv@grs                                        cstackCOMRAM 000049
___fldiv@new_exp                                    cstackCOMRAM 000047
___fldiv@rem                                        cstackCOMRAM 000042
___fldiv@sign                                       cstackCOMRAM 000046
___fleq                                             text72       004FCE
___fleq@ff1                                         cstackCOMRAM 000001
___fleq@ff2                                         cstackCOMRAM 000005
___flge                                             text83       0048FE
___flge@ff1                                         cstackCOMRAM 00001E
___flge@ff2                                         cstackCOMRAM 000022
___flmul                                            text71       003178
___flmul@a                                          cstackCOMRAM 000009
___flmul@aexp                                       cstackCOMRAM 000016
___flmul@b                                          cstackCOMRAM 000005
___flmul@bexp                                       cstackCOMRAM 000017
___flmul@grs                                        cstackCOMRAM 000012
___flmul@prod                                       cstackCOMRAM 000018
___flmul@sign                                       cstackCOMRAM 000011
___flmul@temp                                       cstackCOMRAM 00001C
___flneg                                            text23       005FB2
___flneg@f1                                         cstackCOMRAM 000001
___flsub                                            text68       005EAA
___flsub@a                                          cstackCOMRAM 000032
___flsub@b                                          cstackCOMRAM 00002E
___fltol                                            text22       0047F8
___fltol@exp1                                       cstackCOMRAM 00000A
___fltol@f1                                         cstackCOMRAM 000001
___fltol@sign1                                      cstackCOMRAM 000009
___fpclassifyf                                      text21       004A02
___fpclassifyf@F465                                 bssBANK0     0000CF
___fpclassifyf@e                                    cstackCOMRAM 000009
___fpclassifyf@u                                    cstackCOMRAM 00000B
___fpclassifyf@x                                    cstackCOMRAM 000001
___heap_hi                                          (abs)        000000
___heap_lo                                          (abs)        000000
___inthi_sp                                         stack        000000
___intlo_sp                                         stack        000000
___lldiv                                            text47       005078
___lldiv@counter                                    cstackCOMRAM 00000D
___lldiv@dividend                                   cstackCOMRAM 000001
___lldiv@divisor                                    cstackCOMRAM 000005
___lldiv@quotient                                   cstackCOMRAM 000009
___lmul                                             text2        005A24
___lmul@multiplicand                                cstackCOMRAM 000005
___lmul@multiplier                                  cstackCOMRAM 000001
___lmul@product                                     cstackCOMRAM 000009
___lodiv                                            text11       004B00
___lodiv@counter                                    cstackCOMRAM 000019
___lodiv@dividend                                   cstackCOMRAM 000001
___lodiv@divisor                                    cstackCOMRAM 000009
___lodiv@quotient                                   cstackCOMRAM 000011
___lomod                                            text10       004CC2
___lomod@counter                                    cstackCOMRAM 000011
___lomod@dividend                                   cstackCOMRAM 000001
___lomod@divisor                                    cstackCOMRAM 000009
___param_bank                                       (abs)        000000
___rparam_used                                      (abs)        000001
___sp                                               stack        000000
___wmul                                             text27       00607E
___wmul@multiplicand                                cstackCOMRAM 000003
___wmul@multiplier                                  cstackCOMRAM 000001
___wmul@product                                     cstackCOMRAM 000005
___xxtofl                                           text3        004368
___xxtofl@arg                                       cstackCOMRAM 000026
___xxtofl@exp                                       cstackCOMRAM 000025
___xxtofl@sign                                      cstackCOMRAM 000024
___xxtofl@val                                       cstackCOMRAM 00001C
__accesstop                                         (abs)        000060
__activetblptr                                      (abs)        000002
__end_of_CCPR2_ModoPWM_Init                         text48       00617E
__end_of_Control_velocidad_difusoInferenceEngine    text51       005E64
__end_of_EUSART_SerialBegin                         text46       005B5A
__end_of_EUSART_WriteChar                           text50       006156
__end_of_EUSART_WriteString                         text49       006052
__end_of_Hardware_Init                              text34       005FB2
__end_of_INTERRUPT_Init                             text45       006246
__end_of_InterruptHighPriority                      intcode      000058
__end_of_Key_Enable_Filas                           text33       005C1C
__end_of_Key_Init                                   text44       006236
__end_of_Key_Read                                   text31       00417E
__end_of_Key_Scan_Columnas                          text32       004F20
__end_of_LCD_imprimir_Datos                         text5        0051BA
__end_of_Lcd_Clear                                  text4        00621A
__end_of_Lcd_Cmd                                    text42       00612A
__end_of_Lcd_Init                                   text41       005A24
__end_of_Lcd_Port                                   text43       005C78
__end_of_Lcd_Set_Cursor                             text30       004CC2
__end_of_Lcd_Write_Char                             text29       006022
__end_of_Lcd_Write_String                           text28       0059A8
__end_of_MF_xfsg_triangle_equal                     text67       004368
__end_of_OP_operador_And                            text82       005D28
__end_of_OP_operador_Defuz                          text70       003B7C
__end_of_OP_operador_Or                             text69       005CD0
__end_of_OSCILADOR_Init                             text40       006228
__end_of_PORT_Init                                  text39       0060EA
__end_of_RL_reglas_controlador                      text52       001606
__end_of_TIMER0_Interrupt_Init                      text38       00623E
__end_of_TIMER0_ModoTemporizador_Init               text37       0060C8
__end_of_TIMER1_ModoContador_Init                   text36       00610A
__end_of_TIMER1_Start                               text86       00624E
__end_of_TIMER1_Stop                                text85       00624A
__end_of_TIMER2_ModoPWM_Init                        text35       00620C
__end_of_TP_CambioError_ceNG_equal                  text66       00592A
__end_of_TP_CambioError_ceNM_equal                  text65       0058A2
__end_of_TP_CambioError_ceNP_equal                  text64       00581A
__end_of_TP_CambioError_cePG_equal                  text63       005792
__end_of_TP_CambioError_cePM_equal                  text62       00570A
__end_of_TP_CambioError_cePP_equal                  text61       005682
__end_of_TP_CambioError_ceZ_equal                   text60       0055FA
__end_of_TP_error_eNG_equal                         text59       005572
__end_of_TP_error_eNM_equal                         text58       0054EA
__end_of_TP_error_eNP_equal                         text57       005462
__end_of_TP_error_ePG_equal                         text56       0053DA
__end_of_TP_error_ePM_equal                         text55       005352
__end_of_TP_error_ePP_equal                         text54       0052CA
__end_of_TP_error_eZ_equal                          text53       005242
__end_of_TP_salida_sNG_center                       text80       0061EA
__end_of_TP_salida_sNM_center                       text79       0061D8
__end_of_TP_salida_sNP_center                       text78       0061C6
__end_of_TP_salida_sPG_center                       text75       006190
__end_of_TP_salida_sPM_center                       text76       0061A2
__end_of_TP_salida_sPP_center                       text77       0061B4
__end_of_TP_salida_sZ_center                        text81       0061FC
__end_of___fladd                                    text74       003178
__end_of___fldiv                                    text73       00393C
__end_of___fleq                                     text72       005078
__end_of___flge                                     text83       004A02
__end_of___flmul                                    text71       0035A2
__end_of___flneg                                    text23       005FEA
__end_of___flsub                                    text68       005EF0
__end_of___fltol                                    text22       0048FE
__end_of___fpclassifyf                              text21       004B00
__end_of___lldiv                                    text47       00511C
__end_of___lmul                                     text2        005A8E
__end_of___lodiv                                    text11       004BF0
__end_of___lomod                                    text10       004D92
__end_of___wmul                                     text27       0060A4
__end_of___xxtofl                                   text3        00451C
__end_of__initialization                            cinit        005BB0
__end_of_atoi                                       text24       0047F8
__end_of_atol                                       text1        0046AE
__end_of_efgtoa                                     text12       00206A
__end_of_floorf                                     text20       003D92
__end_of_fputc                                      text16       004E5C
__end_of_fputs                                      text15       005F34
__end_of_isdigit                                    text26       00607E
__end_of_isspace                                    text25       005EAA
__end_of_labs                                       text19       005AF4
__end_of_main                                       text0        00276A
__end_of_memcpy                                     text18       005E1C
__end_of_pad                                        text14       004FCE
__end_of_putch                                      text17       006140
__end_of_sprintf                                    text6        005D7A
__end_of_strcpy                                     text13       005F74
__end_of_utoa                                       text9        003F8E
__end_of_vfpfcnvrt                                  text8        002CB8
__end_of_vfprintf                                   text7        005DCC
__initialization                                    cinit        005B5A
__mediumconst                                       mediumconst  007ED2
__pbssBANK0                                         bssBANK0     0000CF
__pbssBANK1                                         bssBANK1     0001CC
__pbssBANK2                                         bssBANK2     000200
__pcinit                                            cinit        005B5A
__pcstackBANK0                                      cstackBANK0  000060
__pcstackBANK1                                      cstackBANK1  000100
__pcstackCOMRAM                                     cstackCOMRAM 000001
__pdataBANK0                                        dataBANK0    0000FD
__pdataBANK1                                        dataBANK1    0001E4
__pidataBANK0                                       idataBANK0   00624E
__pidataBANK1                                       idataBANK1   006156
__pintcode                                          intcode      000008
__pmediumconst                                      mediumconst  007ED2
__ptext0                                            text0        00206A
__ptext1                                            text1        00451C
__ptext10                                           text10       004CC2
__ptext11                                           text11       004B00
__ptext12                                           text12       001606
__ptext13                                           text13       005F34
__ptext14                                           text14       004F20
__ptext15                                           text15       005EF0
__ptext16                                           text16       004D92
__ptext17                                           text17       00612A
__ptext18                                           text18       005DCC
__ptext19                                           text19       005A8E
__ptext2                                            text2        005A24
__ptext20                                           text20       003B7C
__ptext21                                           text21       004A02
__ptext22                                           text22       0047F8
__ptext23                                           text23       005FB2
__ptext24                                           text24       0046AE
__ptext25                                           text25       005E64
__ptext26                                           text26       006052
__ptext27                                           text27       00607E
__ptext28                                           text28       00592A
__ptext29                                           text29       005FEA
__ptext3                                            text3        004368
__ptext30                                           text30       004BF0
__ptext31                                           text31       003F8E
__ptext32                                           text32       004E5C
__ptext33                                           text33       005BBE
__ptext34                                           text34       005F74
__ptext35                                           text35       0061FC
__ptext36                                           text36       0060EA
__ptext37                                           text37       0060A4
__ptext38                                           text38       006236
__ptext39                                           text39       0060C8
__ptext4                                            text4        00620C
__ptext40                                           text40       00621A
__ptext41                                           text41       0059A8
__ptext42                                           text42       00610A
__ptext43                                           text43       005C1C
__ptext44                                           text44       006228
__ptext45                                           text45       00623E
__ptext46                                           text46       005AF4
__ptext47                                           text47       005078
__ptext48                                           text48       00616A
__ptext49                                           text49       006022
__ptext5                                            text5        00511C
__ptext50                                           text50       006140
__ptext51                                           text51       005E1C
__ptext52                                           text52       00005C
__ptext53                                           text53       0051BA
__ptext54                                           text54       005242
__ptext55                                           text55       0052CA
__ptext56                                           text56       005352
__ptext57                                           text57       0053DA
__ptext58                                           text58       005462
__ptext59                                           text59       0054EA
__ptext6                                            text6        005D28
__ptext60                                           text60       005572
__ptext61                                           text61       0055FA
__ptext62                                           text62       005682
[...]
__ptext77                                           text77       0061A2
__ptext78                                           text78       0061B4
__ptext79                                           text79       0061C6
__ptext8                                            text8        00276A
__ptext80                                           text80       0061D8
__ptext81                                           text81       0061EA
__ptext82                                           text82       005CD0
__ptext83                                           text83       0048FE
__ptext85                                           text85       006246
__ptext86                                           text86       00624A
__ptext87                                           text87       000000
__ptext9                                            text9        003D92
__ramtop                                            ramtop       000800
__smallconst                                        smallconst   000000
_atoi                                               text24       0046AE
_atol                                               text1        00451C
_columna                                            dataBANK0    0000FD
_constante                                          dataBANK1    0001F4
_contador                                           bssBANK0     0000F6
_dbuf                                               bssBANK2     000200
_efgtoa                                             text12       001606
_efgtoa$1928                                        cstackBANK0  000077
_error                                              bssBANK0     0000E3
_error_                                             bssBANK0     0000DF
_flagTimer0                                         bssBANK0     0000F7
_flags                                              bssBANK0     0000F3
_floorf                                             text20       003B7C
_fputc                                              text16       004D92
_fputs                                              text15       005EF0
_indice                                             bssBANK0     0000F4
_isdigit                                            text26       006052
_isspace                                            text25       005E64
_isspace$1790                                       cstackCOMRAM 000005
_labs                                               text19       005A8E
_main                                               text0        00206A
_memcpy                                             text18       005DCC
_pad                                                text14       004F20
_prec                                               bssBANK0     0000ED
_putch                                              text17       00612A
_salida                                             bssBANK0     0000F9
_salida_                                            bssBANK0     0000DB
_salida_sistema                                     bssBANK0     0000D3
_setpoint                                           bssBANK0     0000E7
_sprintf                                            text6        005D28
_strRPM                                             bssBANK2     000278
_strcpy                                             text13       005F34
_strpwm                                             bssBANK2     000264
_strsetpoint                                        bssBANK2     00028C
_strtiempo                                          bssBANK2     000250
_tecla                                              bssBANK0     0000F5
_tiempo                                             bssBANK0     0000EF
_utoa                                               text9        003D92
_vfpfcnvrt                                          text8        00276A
_vfprintf                                           text7        005D7A
_width                                              bssBANK0     0000EB
atoi@n                                              cstackCOMRAM 00000E
atoi@neg                                            cstackCOMRAM 00000C
atoi@s                                              cstackCOMRAM 000007
atol@n                                              cstackCOMRAM 000018
atol@neg                                            cstackCOMRAM 000016
atol@s                                              cstackCOMRAM 00000D
btemp                                               temp         00005F
efgtoa@c                                            cstackBANK0  000070
efgtoa@d                                            cstackBANK0  00007C
efgtoa@e                                            cstackBANK0  000080
efgtoa@f                                            cstackBANK0  00006C
efgtoa@fp                                           cstackBANK0  00006A
efgtoa@g                                            cstackBANK0  000093
efgtoa@h                                            cstackBANK0  000088
efgtoa@i                                            cstackBANK0  000090
efgtoa@l                                            cstackBANK0  00008C
efgtoa@m                                            cstackBANK0  00007E
efgtoa@mode                                         cstackBANK0  00007A
efgtoa@n                                            cstackBANK0  000097
efgtoa@ne                                           cstackBANK0  000071
efgtoa@nmode                                        cstackBANK0  00007B
efgtoa@ou                                           cstackBANK0  000084
efgtoa@p                                            cstackBANK0  000073
efgtoa@pp                                           cstackBANK0  000079
efgtoa@sign                                         cstackBANK0  000092
efgtoa@t                                            cstackBANK0  000075
efgtoa@u                                            cstackBANK0  000099
efgtoa@w                                            cstackBANK0  000082
end_of_initialization                               cinit        005BB0
floorf@F526                                         bssBANK1     0001CC
floorf@e                                            cstackBANK0  000064
floorf@m                                            cstackBANK0  000060
floorf@u                                            cstackBANK0  000066
floorf@x                                            cstackCOMRAM 00004F
fputc@c                                             cstackCOMRAM 000002
fputc@fp                                            cstackCOMRAM 000004
fputs@c                                             cstackCOMRAM 00000F
fputs@fp                                            cstackCOMRAM 00000D
fputs@i                                             cstackCOMRAM 000010
fputs@s                                             cstackCOMRAM 00000B
int$flags                                           temp         00005F
intlevel0                                           text         000000
intlevel1                                           text         000000
intlevel2                                           text         000000
intlevel3                                           text         000000
isa$std                                             (abs)        000001
isa$xinst                                           (abs)        000000
isdigit@c                                           cstackCOMRAM 000001
isspace@c                                           cstackCOMRAM 000001
labs@a                                              cstackCOMRAM 000001
memcpy@d                                            cstackCOMRAM 000007
memcpy@d1                                           cstackCOMRAM 000001
memcpy@n                                            cstackCOMRAM 000005
memcpy@s                                            cstackCOMRAM 000009
memcpy@s1                                           cstackCOMRAM 000003
memcpy@tmp                                          cstackCOMRAM 00000B
pad@buf                                             cstackCOMRAM 000014
pad@fp                                              cstackCOMRAM 000012
pad@i                                               cstackCOMRAM 000019
pad@p                                               cstackCOMRAM 000016
pad@w                                               cstackCOMRAM 00001B
putch@c                                             cstackCOMRAM 000001
sprintf@ap                                          cstackBANK0  0000C0
sprintf@f                                           cstackBANK0  0000C2
sprintf@fmt                                         cstackBANK0  0000BA
sprintf@s                                           cstackBANK0  0000B8
stackhi                                             (abs)        000000
stacklo                                             (abs)        000000
start                                               init         000058
start_initialization                                cinit        005B5A
strcpy@d                                            cstackCOMRAM 000007
strcpy@dest                                         cstackCOMRAM 000001
strcpy@s                                            cstackCOMRAM 000005
strcpy@src                                          cstackCOMRAM 000003
ttemp5                                              temp         000060
ttemp6                                              temp         000063
ttemp7                                              temp         000067
utoa@d                                              cstackCOMRAM 00001F
utoa@fp                                             cstackCOMRAM 00001D
utoa@i                                              cstackCOMRAM 00003B
utoa@n                                              cstackCOMRAM 000033
utoa@p                                              cstackCOMRAM 00002F
utoa@w                                              cstackCOMRAM 000031
vfpfcnvrt@ap                                        cstackBANK0  0000A1
vfpfcnvrt@c                                         cstackBANK0  0000AD
vfpfcnvrt@convarg                                   cstackBANK0  0000A5
vfpfcnvrt@cp                                        cstackBANK0  0000AE
vfpfcnvrt@done                                      cstackBANK0  0000A3
vfpfcnvrt@fmt                                       cstackBANK0  00009F
vfpfcnvrt@fp                                        cstackBANK0  00009D
vfprintf@ap                                         cstackBANK0  0000B4
vfprintf@cfmt                                       cstackBANK0  0000B6
vfprintf@fmt                                        cstackBANK0  0000B2
vfprintf@fp                                         cstackBANK0  0000B0
wtemp8                                              temp         000060


MODULE INFORMATION

Module		Function		Class		Link	Load	Size
C:\Program Files\Microchip\xc8\v2.40\pic\sources\c99\common\sprcmul.c
		___flmul       		CODE           	3178	0000	1066

C:\Program Files\Microchip\xc8\v2.40\pic\sources\c99\common\sprcmul.c estimated size: 1066

C:\Program Files\Microchip\xc8\v2.40\pic\sources\c99\common\nf_fputc.c
		_fputc         		CODE           	4D92	0000	202

C:\Program Files\Microchip\xc8\v2.40\pic\sources\c99\common\nf_fputc.c estimated size: 202

C:\Program Files\Microchip\xc8\v2.40\pic\sources\c99\common\sprcdiv.c
		___fldiv       		CODE           	35A2	0000	922

C:\Program Files\Microchip\xc8\v2.40\pic\sources\c99\common\sprcdiv.c estimated size: 922

C:\Program Files\Microchip\xc8\v2.40\pic\sources\c99\common\nf_sprintf.c
		_sprintf       		CODE           	5D28	0000	82

C:\Program Files\Microchip\xc8\v2.40\pic\sources\c99\common\nf_sprintf.c estimated size: 82

C:\Program Files\Microchip\xc8\v2.40\pic\sources\c99\common\memcpy.c
		_memcpy        		CODE           	5DCC	0000	80

C:\Program Files\Microchip\xc8\v2.40\pic\sources\c99\common\memcpy.c estimated size: 80

C:\Program Files\Microchip\xc8\v2.40\pic\sources\c99\common\fltol.c
		___fltol       		CODE           	47F8	0000	262

C:\Program Files\Microchip\xc8\v2.40\pic\sources\c99\common\fltol.c estimated size: 262

C:\Program Files\Microchip\xc8\v2.40\pic\sources\c99\common\isspace.c
		_isspace       		CODE           	5E64	0000	70

C:\Program Files\Microchip\xc8\v2.40\pic\sources\c99\common\isspace.c estimated size: 70

C:\Program Files\Microchip\xc8\v2.40\pic\sources\c99\common\atoi.c
		_atoi          		CODE           	46AE	0000	330

C:\Program Files\Microchip\xc8\v2.40\pic\sources\c99\common\atoi.c estimated size: 330

lib_pic/Control_velocidad_difuso.c
		_Control_velocidad_difusoInferenceEngine		CODE           	5E1C	0000	72
		_OP_operador_Defuz		CODE           	393C	0000	576
		_TP_salida_sZ_center		CODE           	61EA	0000	18
		_TP_error_eNG_equal		CODE           	54EA	0000	136
		_TP_error_ePG_equal		CODE           	5352	0000	136
		_TP_error_eNM_equal		CODE           	5462	0000	136
		_TP_error_ePM_equal		CODE           	52CA	0000	136
		_TP_error_eNP_equal		CODE           	53DA	0000	136
		_TP_error_ePP_equal		CODE           	5242	0000	136
		_TP_CambioError_ceNM_equal		CODE           	581A	0000	136
		_OP_operador_And		CODE           	5CD0	0000	88
		_TP_CambioError_cePM_equal		CODE           	5682	0000	136
		_TP_CambioError_ceNP_equal		CODE           	5792	0000	136
		_TP_CambioError_cePP_equal		CODE           	55FA	0000	136
		_TP_CambioError_ceZ_equal		CODE           	5572	0000	136
		_RL_reglas_controlador		CODE           	005C	0000	5546
		_TP_salida_sNG_center		CODE           	61D8	0000	18
		_TP_salida_sPG_center		CODE           	617E	0000	18
		_TP_salida_sNM_center		CODE           	61C6	0000	18
		_TP_salida_sPM_center		CODE           	6190	0000	18
		_TP_salida_sNP_center		CODE           	61B4	0000	18
		_TP_salida_sPP_center		CODE           	61A2	0000	18
		_MF_xfsg_triangle_equal		CODE           	417E	0000	490
		_TP_error_eZ_equal		CODE           	51BA	0000	136
		_TP_CambioError_ceNG_equal		CODE           	58A2	0000	136
		_OP_operador_Or		CODE           	5C78	0000	88
		_TP_CambioError_cePG_equal		CODE           	570A	0000	136

lib_pic/Control_velocidad_difuso.c estimated size: 8890

C:\Program Files\Microchip\xc8\v2.40\pic\sources\c99\common\Umul16.c
		___wmul        		CODE           	607E	0000	38

C:\Program Files\Microchip\xc8\v2.40\pic\sources\c99\common\Umul16.c estimated size: 38

C:\Program Files\Microchip\xc8\v2.40\pic\sources\c99\common\fleq.c
		___fleq        		CODE           	4FCE	0000	170

C:\Program Files\Microchip\xc8\v2.40\pic\sources\c99\common\fleq.c estimated size: 170

C:\Program Files\Microchip\xc8\v2.40\pic\sources\c99\common\__lldiv.c
		___lldiv       		CODE           	5078	0000	164

C:\Program Files\Microchip\xc8\v2.40\pic\sources\c99\common\__lldiv.c estimated size: 164

C:\Program Files\Microchip\xc8\v2.40\pic\sources\c99\common\__fpclassifyf.c
		___fpclassifyf 		CODE           	4A02	0000	254

C:\Program Files\Microchip\xc8\v2.40\pic\sources\c99\common\__fpclassifyf.c estimated size: 254

C:\Program Files\Microchip\xc8\v2.40\pic\sources\c99\common\isdigit.c
		_isdigit       		CODE           	6052	0000	44

C:\Program Files\Microchip\xc8\v2.40\pic\sources\c99\common\isdigit.c estimated size: 44

C:\Program Files\Microchip\xc8\v2.40\pic\sources\c99\common\sprcadd.c
		___flsub       		CODE           	5EAA	0000	70
		___fladd       		CODE           	2CB8	0000	1216

C:\Program Files\Microchip\xc8\v2.40\pic\sources\c99\common\sprcadd.c estimated size: 1286

C:\Program Files\Microchip\xc8\v2.40\pic\sources\c99\common\floorf.c
		_floorf        		CODE           	3B7C	0000	534

C:\Program Files\Microchip\xc8\v2.40\pic\sources\c99\common\floorf.c estimated size: 534

C:\Program Files\Microchip\xc8\v2.40\pic\sources\c99\common\Umul32.c
		___lmul        		CODE           	5A24	0000	106

C:\Program Files\Microchip\xc8\v2.40\pic\sources\c99\common\Umul32.c estimated size: 106

C:\Program Files\Microchip\xc8\v2.40\pic\sources\c99\common\flneg.c
		___flneg       		CODE           	5FB2	0000	56

C:\Program Files\Microchip\xc8\v2.40\pic\sources\c99\common\flneg.c estimated size: 56

mainEncoder.c
		_TIMER1_Stop   		CODE           	6246	0000	4
		_INTERRUPT_Init		CODE           	623E	0000	8
		_TIMER1_Start  		CODE           	624A	0000	4
		_InterruptHighPriority		CODE           	0008	0000	80
		_TIMER0_Interrupt_Init		CODE           	6236	0000	8
		_main          		CODE           	206A	0000	1792
		_TIMER1_ModoContador_Init		CODE           	60EA	0000	32
		_PORT_Init     		CODE           	60C8	0000	34
		_CCPR2_ModoPWM_Init		CODE           	616A	0000	20
		_TIMER2_ModoPWM_Init		CODE           	61FC	0000	16
		_LCD_imprimir_Datos		CODE           	511C	0000	158
		_Hardware_Init 		CODE           	5F74	0000	62
		_TIMER0_ModoTemporizador_Init		CODE           	60A4	0000	36

mainEncoder.c estimated size: 2254

lib_pic/keypad_4x4.c
		_Key_Enable_Filas		CODE           	5BBE	0000	94
		_Key_Init      		CODE           	6228	0000	14
		_Key_Scan_Columnas		CODE           	4E5C	0000	196
		_Key_Read      		CODE           	3F8E	0000	496

lib_pic/keypad_4x4.c estimated size: 800

C:\Program Files\Microchip\xc8\v2.40\pic\sources\c99\common\labs.c
		_labs          		CODE           	5A8E	0000	102

C:\Program Files\Microchip\xc8\v2.40\pic\sources\c99\common\labs.c estimated size: 102

C:\Program Files\Microchip\xc8\v2.40\pic\sources\c99\common\xxtofl.c
		___xxtofl      		CODE           	4368	0000	436

C:\Program Files\Microchip\xc8\v2.40\pic\sources\c99\common\xxtofl.c estimated size: 436

C:\Program Files\Microchip\xc8\v2.40\pic\sources\c99\common\atol.c
		_atol          		CODE           	451C	0000	402

C:\Program Files\Microchip\xc8\v2.40\pic\sources\c99\common\atol.c estimated size: 402

C:\Program Files\Microchip\xc8\v2.40\pic\sources\c99\common\nf_fputs.c
		_fputs         		CODE           	5EF0	0000	68

C:\Program Files\Microchip\xc8\v2.40\pic\sources\c99\common\nf_fputs.c estimated size: 68

lib_pic/config_mcu.c
		_OSCILADOR_Init		CODE           	621A	0000	14

lib_pic/config_mcu.c estimated size: 14

C:\Program Files\Microchip\xc8\v2.40\pic\sources\c99\common\lomod.c
		___lomod       		CODE           	4CC2	0000	208

C:\Program Files\Microchip\xc8\v2.40\pic\sources\c99\common\lomod.c estimated size: 208

shared
		__initialization		CODE           	5B5A	0000	86

shared estimated size: 86

lib_pic/lcd.c
		_Lcd_Write_String		CODE           	592A	0000	126
		_Lcd_Init      		CODE           	59A8	0000	124
		_Lcd_Write_Char		CODE           	5FEA	0000	56
		_Lcd_Cmd       		CODE           	610A	0000	32
		_Lcd_Set_Cursor		CODE           	4BF0	0000	210
		_Lcd_Clear     		CODE           	620C	0000	14
		_Lcd_Port      		CODE           	5C1C	0000	92

lib_pic/lcd.c estimated size: 654

C:\Program Files\Microchip\xc8\v2.40\pic\sources\c99\common\strcpy.c
		_strcpy        		CODE           	5F34	0000	64

C:\Program Files\Microchip\xc8\v2.40\pic\sources\c99\common\strcpy.c estimated size: 64

C:\Program Files\Microchip\xc8\v2.40\pic\sources\c99\common\flge.c
		___flge        		CODE           	48FE	0000	260

C:\Program Files\Microchip\xc8\v2.40\pic\sources\c99\common\flge.c estimated size: 260

lib_pic/eusart.c
		_putch         		CODE           	612A	0000	22
		_EUSART_WriteChar		CODE           	6140	0000	22
		_EUSART_SerialBegin		CODE           	5AF4	0000	102
		_EUSART_WriteString		CODE           	6022	0000	48

lib_pic/eusart.c estimated size: 194

C:\Program Files\Microchip\xc8\v2.40\pic\sources\c99\common\doprnt.c
		_vfpfcnvrt     		CODE           	276A	0000	1358
		_efgtoa        		CODE           	1606	0000	2660
		_pad           		CODE           	4F20	0000	174
		_vfprintf      		CODE           	5D7A	0000	82
		_utoa          		CODE           	3D92	0000	508

C:\Program Files\Microchip\xc8\v2.40\pic\sources\c99\common\doprnt.c estimated size: 4782

C:\Program Files\Microchip\xc8\v2.40\pic\sources\c99\common\lodiv.c
		___lodiv       		CODE           	4B00	0000	240

C:\Program Files\Microchip\xc8\v2.40\pic\sources\c99\common\lodiv.c estimated size: 240

